I/FFmpegExtractor( 1457): list the formats suppoted by ffmpeg: 
I/FFmpegExtractor( 1457): ========================================
I/FFmpegExtractor( 1457): ========================================
I/FFmpegExtractor( 1457): adjust mime(application/ogg -> audio/vorbis)
D/FFmpegExtractor( 1457): suppoted codec(vorbis) by official Stagefright
D/FFMPEG  ( 1457): android source close
I/FFmpegExtractor( 1457): sniff through BetterSniffFFMPEG success
D/FFmpegExtractor( 1457): ffmpeg detected media content as 'audio/vorbis' with confidence 0.08
I/FFMPEG  ( 1457): Input #0, ogg, from 'android-source:0xb5024440':
I/FFMPEG  ( 1457):   Duration: 00:00:00.09, start: 0.000000, bitrate: 527 kb/s
I/FFMPEG  ( 1457):     Stream #0:0: Audio: vorbis, 44100 Hz, stereo, fltp, 160 kb/s
I/FFmpegExtractor( 1457): FFmpegExtrator, url: android-source:0xb5024440, format_name: ogg, format_long_name: Ogg
I/FFmpegExtractor( 1457): list the formats suppoted by ffmpeg: 
I/FFmpegExtractor( 1457): ========================================
I/FFmpegExtractor( 1457): ========================================
I/FFmpegExtractor( 1457): adjust mime(application/ogg -> audio/vorbis)
D/FFmpegExtractor( 1457): suppoted codec(vorbis) by official Stagefright
D/FFMPEG  ( 1457): android source close
I/FFmpegExtractor( 1457): sniff through BetterSniffFFMPEG success
D/FFmpegExtractor( 1457): ffmpeg detected media content as 'audio/vorbis' with confidence 0.08
E/InputMethodManagerService( 1753): Ignoring setImeWindowStatus due to an invalid token. uid:1000 token:null
I/wpa_supplicant( 1865): eth1: Associated with 01:80:c2:00:00:03
I/wpa_supplicant( 1865): eth1: CTRL-EVENT-CONNECTED - Connection to 01:80:c2:00:00:03 completed [id=0 id_str=]
D/WifiConfigStore( 1753): Loading config and enabling all networks 
D/NuPlayerDriver( 1457): start(0xb584fbe0)
I/GenericSource( 1457): start
D/NuPlayerDriver( 1457): start(0xb502f1c0)
I/GenericSource( 1457): start
I/ActivityManager( 1753): Start proc 1907:com.android.inputservice/1000 for service com.android.inputservice/.InputService
V/InputMethodManagerService( 1753): Adding window token: android.os.Binder@3b069d09
W/linker  ( 1457): libswresample.so has text relocations. This is wasting memory and prevents security hardening. Please fix.
D/SoftFFmpegAudio( 1457): SoftFFmpegAudio component: OMX.ffmpeg.ac3.decoder mCodingType: 1863319553
E/WifiConfigStore( 1753): Error parsing configuration: java.io.FileNotFoundException: /data/misc/wifi/ipconfig.txt: open failed: ENOENT (No such file or directory)
D/WifiNative-HAL( 1753): Setting external_sim to 1
D/WifiStateMachine( 1753): Setting OUI to DA-A1-19
I/WifiNative-HAL( 1753): startHal
E/wifi    ( 1753): getStaticLongField sWifiHalHandle 0xa0dbb82c
D/wifi    ( 1753): halHandle = 0x0, mVM = 0xb3c4e280, mCls = 0x100ce2
I/WifiNative-HAL( 1753): Could not start hal
I/WifiNative-HAL( 1753): startHal
E/WifiStateMachine( 1753): cancelDelayedScan -> 1
D/ConnectivityService( 1753): registerNetworkAgent NetworkAgentInfo{ ni{[type: WIFI[], state: CONNECTING/CONNECTING, reason: (unspecified), extra: 0x, roaming: false, failover: false, isAvailable: true, isConnectedToProvisioningNetwork: false]}  network{null}  lp{{LinkAddresses: []  Routes: [] DnsAddresses: [] Domains: null MTU: 0 TcpBufferSizes: 524288,1048576,2097152,262144,524288,1048576}}  nc{[ Transports: WIFI Capabilities: INTERNET&NOT_RESTRICTED&TRUSTED&NOT_VPN LinkUpBandwidth>=1048576Kbps LinkDnBandwidth>=1048576Kbps]}  Score{20}  everValidated{false}  lastValidated{false}  created{false}  explicitlySelected{false} }
E/WifiConfigStore( 1753): saveWifiConfigBSSID Setting BSSID for "WiredSSID"NONE to any
D/ConnectivityService( 1753): NetworkAgentInfo [WIFI () - 100] EVENT_NETWORK_INFO_CHANGED, going from null to CONNECTING
E/WifiConfigStore( 1753): saveWifiConfigBSSID Setting BSSID for "WiredSSID"NONE to any
D/CommandListener( 1451): Setting iface cfg
E/WifiStateMachine( 1753): Start Dhcp Watchdog 1
I/WifiNative-HAL( 1753): startHal
E/WifiStateMachine( 1753): Failed to set frequency band 0
E/native  ( 1753): do suspend false
W/OMXNodeInstance( 1457): [c:google.mpeg4.decoder] component does not support metadata mode; using fallback
W/OMXNodeInstance( 1457): [d:google.h263.decoder] component does not support metadata mode; using fallback
E/native  ( 1753): do suspend false
E/WifiStateMachine( 1753): Unexpected BatchedScanResults :null
I/WifiNative-HAL( 1753): startHal
D/GpsLocationProvider( 1753): Reset GPS properties, previous size = 0
D/GpsLocationProvider( 1753): GpsParamsResource: SUPL_HOST=supl.google.com
D/GpsLocationProvider( 1753): GpsParamsResource: SUPL_PORT=7275
D/GpsLocationProvider( 1753): GpsParamsResource: NTP_SERVER=north-america.pool.ntp.org
D/GpsLocationProvider( 1753): GpsParamsResource: SUPL_VER=0x20000
D/GpsLocationProvider( 1753): GpsParamsResource: SUPL_MODE=1
W/OMXNodeInstance( 1457): [e:google.h264.decoder] component does not support metadata mode; using fallback
W/OMXNodeInstance( 1457): [f:google.vp8.decoder] component does not support metadata mode; using fallback
W/OMXNodeInstance( 1457): [10:google.vp9.decoder] component does not support metadata mode; using fallback
I/art     ( 1843): System.exit called, status: 0
I/AndroidRuntime( 1843): VM exiting with result code 0, cleanup skipped.
D/SoftHEVC( 1457): Number of CPU cores: 2
D/SoftHEVC( 1457): Initializing decoder
D/SoftHEVC( 1457): Set number of cores to 2
D/SoftHEVC( 1457): Ittiam decoder version number: @(#)Id:HEVCDEC_production Ver:04.01 Released by ITTIAM Build: Jul 24 2019 @ 01:34:42
W/OMXNodeInstance( 1457): [11:google.hevc.decoder] component does not support metadata mode; using fallback
D/SoftHEVC( 1457): Freeing codec memory
D/SoftHEVC( 1457): Number of CPU cores: 2
D/SoftHEVC( 1457): Initializing decoder
D/SoftHEVC( 1457): Set number of cores to 2
D/SoftHEVC( 1457): Ittiam decoder version number: @(#)Id:HEVCDEC_production Ver:04.01 Released by ITTIAM Build: Jul 24 2019 @ 01:34:42
D/SoftHEVC( 1457): In SoftHEVC::~SoftHEVC
D/SoftHEVC( 1457): Freeing codec memory
I/SoftMPEG4Encoder( 1457): Construct SoftMPEG4Encoder
W/ACodec  ( 1457): do not know color format 0x7f000789 = 2130708361
I/SoftAVCEncoder( 1457): Construct SoftAVCEncoder
W/ACodec  ( 1457): do not know color format 0x7f000789 = 2130708361
I/SoftMPEG4Encoder( 1457): Construct SoftMPEG4Encoder
W/ACodec  ( 1457): do not know color format 0x7f000789 = 2130708361
D/GpsLocationProvider( 1753): GPS properties reloaded, size = 8
E/GpsLocationProvider( 1753): no AGPS interface in set_agps_server
E/GpsLocationProvider( 1753): no GPS configuration interface in configuraiton_update
D/GpsLocationProvider( 1753): final config = #Mon Dec 30 17:05:02 GMT+08:00 2019
D/GpsLocationProvider( 1753): SUPL_VER=0x20000
D/GpsLocationProvider( 1753): SUPL_HOST=supl.google.com
D/GpsLocationProvider( 1753): XTRA_SERVER_3=http\://xtra3.gpsonextra.net/xtra.bin
D/GpsLocationProvider( 1753): XTRA_SERVER_1=http\://xtra1.gpsonextra.net/xtra.bin
D/GpsLocationProvider( 1753): SUPL_PORT=7276
D/GpsLocationProvider( 1753): XTRA_SERVER_2=http\://xtra2.gpsonextra.net/xtra.bin
D/GpsLocationProvider( 1753): NTP_SERVER=north-america.pool.ntp.org
D/GpsLocationProvider( 1753): SUPL_MODE=1
W/ACodec  ( 1457): do not know color format 0x7f000789 = 2130708361
D/NuPlayerDriver( 1457): reset(0xb502f1c0)
D/NuPlayerDriver( 1457): notifyResetComplete(0xb502f1c0)
D/NuPlayerDriver( 1457): reset(0xb584fbe0)
W/ServiceWatcher( 1753): com.google.android.gms not found
W/ServiceWatcher( 1753): com.google.android.gms not found
W/LocationManagerService( 1753): no network location provider found
W/ServiceWatcher( 1753): com.google.android.gms not found
W/ServiceWatcher( 1753): com.google.android.gms not found
E/LocationManagerService( 1753): no geocoder provider found
E/FlpHardwareProvider( 1753): Error hw_get_module 'flp': -2
E/LocationManagerService( 1753): FLP HAL not supported
D/NuPlayerDriver( 1457): notifyResetComplete(0xb584fbe0)
W/ServiceWatcher( 1753): com.google.android.gms not found
E/LocationManagerService( 1753): Unable to bind FLP Geofence proxy.
E/ActivityRecognitionHardware( 1753): Error hw_get_module: -2
E/LocationManagerService( 1753): Hardware Activity-Recognition not supported.
I/CommonTimeManagementService( 1753): No common time service detected on this platform.  Common time services will be unavailable.
I/InputReader( 1753): Reconfiguring input devices.  changes=0x00000020
I/MmsServiceBroker( 1753): Delay connecting to MmsService until an API is called
W/VoiceInteractionManagerService( 1753): no available voice interaction services found for user 0
W/VoiceInteractionManagerService( 1753): no available voice recognition services found for user 0
E/GpsLocationProvider( 1753): no AGPS interface in set_agps_server
I/ActivityManager( 1753): Start proc 1983:com.android.phone/1001 for added application com.android.phone
I/ActivityManager( 1753): START u0 {act=android.intent.action.MAIN cat=[android.intent.category.HOME] flg=0x10000000 cmp=com.vphone.launcher/.Launcher} from uid 0 on display 0
I/FFmpegExtractor( 1457): android-source:0xb50243c0
I/FFmpegExtractor( 1457): android-source:0xb50245c0
D/FFMPEG  ( 1457): android source begin open
D/FFMPEG  ( 1457): android open, url: android-source:0xb50245c0
D/FFMPEG  ( 1457): ffmpeg open android data source success, source ptr: 0xb50245c0
D/FFMPEG  ( 1457): android source open success
I/FFMPEG  ( 1457): Input #0, ogg, from 'android-source:0xb50245c0':
I/FFMPEG  ( 1457):   Duration: 00:00:00.19, start: 0.000000, bitrate: 332 kb/s
I/FFMPEG  ( 1457):     Stream #0:0: Audio: vorbis, 44100 Hz, stereo, fltp, 160 kb/s
I/FFmpegExtractor( 1457): FFmpegExtrator, url: android-source:0xb50245c0, format_name: ogg, format_long_name: Ogg
I/FFmpegExtractor( 1457): list the formats suppoted by ffmpeg: 
I/FFmpegExtractor( 1457): ========================================
I/FFmpegExtractor( 1457): ========================================
I/FFmpegExtractor( 1457): adjust mime(application/ogg -> audio/vorbis)
D/FFmpegExtractor( 1457): suppoted codec(vorbis) by official Stagefright
D/FFMPEG  ( 1457): android source close
I/FFmpegExtractor( 1457): sniff through BetterSniffFFMPEG success
D/FFmpegExtractor( 1457): ffmpeg detected media content as 'audio/vorbis' with confidence 0.08
D/NuPlayerDriver( 1457): start(0xb502f400)
I/GenericSource( 1457): start
D/FFMPEG  ( 1457): android source begin open
D/FFMPEG  ( 1457): android open, url: android-source:0xb50243c0
D/FFMPEG  ( 1457): ffmpeg open android data source success, source ptr: 0xb50243c0
D/FFMPEG  ( 1457): android source open success
I/FFMPEG  ( 1457): Input #0, ogg, from 'android-source:0xb50243c0':
I/FFMPEG  ( 1457):   Duration: 00:00:00.11, start: 0.000000, bitrate: 487 kb/s
I/FFMPEG  ( 1457):     Stream #0:0: Audio: vorbis, 44100 Hz, stereo, fltp, 160 kb/s
I/FFmpegExtractor( 1457): FFmpegExtrator, url: android-source:0xb50243c0, format_name: ogg, format_long_name: Ogg
I/FFmpegExtractor( 1457): list the formats suppoted by ffmpeg: 
I/FFmpegExtractor( 1457): ========================================
I/FFmpegExtractor( 1457): ========================================
I/FFmpegExtractor( 1457): adjust mime(application/ogg -> audio/vorbis)
D/FFmpegExtractor( 1457): suppoted codec(vorbis) by official Stagefright
D/FFMPEG  ( 1457): android source close
I/FFmpegExtractor( 1457): sniff through BetterSniffFFMPEG success
D/FFmpegExtractor( 1457): ffmpeg detected media content as 'audio/vorbis' with confidence 0.08
D/NuPlayerDriver( 1457): start(0xb584fc40)
I/GenericSource( 1457): start
I/InputReader( 1753): Reconfiguring input devices.  changes=0x00000010
I/dhcpcd  ( 1959): version 5.5.6 starting
D/NuPlayerDriver( 1457): reset(0xb502f400)
D/NuPlayerDriver( 1457): notifyResetComplete(0xb502f400)
D/NuPlayerDriver( 1457): reset(0xb584fc40)
D/NuPlayerDriver( 1457): notifyResetComplete(0xb584fc40)
I/FFmpegExtractor( 1457): android-source:0xb50243c0
D/FFMPEG  ( 1457): android source begin open
D/FFMPEG  ( 1457): android open, url: android-source:0xb50243c0
D/FFMPEG  ( 1457): ffmpeg open android data source success, source ptr: 0xb50243c0
D/FFMPEG  ( 1457): android source open success
I/FFmpegExtractor( 1457): android-source:0xb5024640
D/FFMPEG  ( 1457): android source begin open
D/FFMPEG  ( 1457): android open, url: android-source:0xb5024640
D/FFMPEG  ( 1457): ffmpeg open android data source success, source ptr: 0xb5024640
D/FFMPEG  ( 1457): android source open success
I/FFMPEG  ( 1457): Input #0, ogg, from 'android-source:0xb5024640':
I/FFMPEG  ( 1457):   Duration: 00:00:00.08, start: 0.000000, bitrate: 612 kb/s
I/FFMPEG  ( 1457):     Stream #0:0: Audio: vorbis, 44100 Hz, stereo, fltp, 160 kb/s
I/FFmpegExtractor( 1457): FFmpegExtrator, url: android-source:0xb5024640, format_name: ogg, format_long_name: Ogg
I/FFmpegExtractor( 1457): list the formats suppoted by ffmpeg: 
I/FFmpegExtractor( 1457): ========================================
I/FFmpegExtractor( 1457): ========================================
I/FFmpegExtractor( 1457): adjust mime(application/ogg -> audio/vorbis)
D/FFmpegExtractor( 1457): suppoted codec(vorbis) by official Stagefright
D/FFMPEG  ( 1457): android source close
I/FFmpegExtractor( 1457): sniff through BetterSniffFFMPEG success
D/FFmpegExtractor( 1457): ffmpeg detected media content as 'audio/vorbis' with confidence 0.08
I/FFMPEG  ( 1457): Input #0, ogg, from 'android-source:0xb50243c0':
I/FFMPEG  ( 1457):   Duration: 00:00:00.29, start: 0.000000, bitrate: 271 kb/s
I/FFMPEG  ( 1457):     Stream #0:0: Audio: vorbis, 44100 Hz, stereo, fltp, 160 kb/s
I/FFmpegExtractor( 1457): FFmpegExtrator, url: android-source:0xb50243c0, format_name: ogg, format_long_name: Ogg
I/FFmpegExtractor( 1457): list the formats suppoted by ffmpeg: 
I/FFmpegExtractor( 1457): ========================================
I/FFmpegExtractor( 1457): ========================================
I/FFmpegExtractor( 1457): adjust mime(application/ogg -> audio/vorbis)
D/FFmpegExtractor( 1457): suppoted codec(vorbis) by official Stagefright
D/FFMPEG  ( 1457): android source close
I/FFmpegExtractor( 1457): sniff through BetterSniffFFMPEG success
D/FFmpegExtractor( 1457): ffmpeg detected media content as 'audio/vorbis' with confidence 0.08
D/NuPlayerDriver( 1457): start(0xb502f1c0)
I/GenericSource( 1457): start
D/NuPlayerDriver( 1457): start(0xb584fbe0)
I/GenericSource( 1457): start
D/NuPlayerDriver( 1457): reset(0xb584fbe0)
D/NuPlayerDriver( 1457): notifyResetComplete(0xb584fbe0)
I/FFmpegExtractor( 1457): android-source:0xb50243c0
D/FFMPEG  ( 1457): android source begin open
D/FFMPEG  ( 1457): android open, url: android-source:0xb50243c0
D/FFMPEG  ( 1457): ffmpeg open android data source success, source ptr: 0xb50243c0
D/FFMPEG  ( 1457): android source open success
I/FFMPEG  ( 1457): Input #0, ogg, from 'android-source:0xb50243c0':
I/FFMPEG  ( 1457):   Duration: 00:00:00.11, start: 0.000000, bitrate: 477 kb/s
I/FFMPEG  ( 1457):     Stream #0:0: Audio: vorbis, 44100 Hz, stereo, fltp, 160 kb/s
I/FFmpegExtractor( 1457): FFmpegExtrator, url: android-source:0xb50243c0, format_name: ogg, format_long_name: Ogg
I/FFmpegExtractor( 1457): list the formats suppoted by ffmpeg: 
I/FFmpegExtractor( 1457): ========================================
I/FFmpegExtractor( 1457): ========================================
I/FFmpegExtractor( 1457): adjust mime(application/ogg -> audio/vorbis)
D/FFmpegExtractor( 1457): suppoted codec(vorbis) by official Stagefright
D/FFMPEG  ( 1457): android source close
I/FFmpegExtractor( 1457): sniff through BetterSniffFFMPEG success
D/FFmpegExtractor( 1457): ffmpeg detected media content as 'audio/vorbis' with confidence 0.08
D/NuPlayerDriver( 1457): reset(0xb502f1c0)
V/WindowManager( 1753): addAppToken: AppWindowToken{1da9f65 token=Token{3e07405c ActivityRecord{27e47ecf u0 com.vphone.launcher/.Launcher t1}}} to stack=0 task=1 at 0
D/NuPlayerDriver( 1457): notifyResetComplete(0xb502f1c0)
I/dhcpcd  ( 1959): eth1: broadcasting for a lease
D/NuPlayerDriver( 1457): start(0xb502f400)
I/GenericSource( 1457): start
I/ActivityManager( 1753): Start proc 2040:com.vphone.launcher/1000 for activity com.vphone.launcher/.Launcher
V/ActivityManager( 1753): Display changed displayId=0
D/WifiScanningService( 1753): SCAN_AVAILABLE : 1
D/RttService( 1753): SCAN_AVAILABLE : 1
D/WifiScanningService( 1753): DefaultState got{ when=-1ms what=160007 target=com.android.internal.util.StateMachine$SmHandler }
D/RttService( 1753): DefaultState got{ when=-1ms what=160513 target=com.android.internal.util.StateMachine$SmHandler }
W/art     ( 1753): Long monitor contention event with owner method=void com.android.server.am.ActivityManagerService.systemReady(java.lang.Runnable) from ActivityManagerService.java:11364 waiters=0 for 261ms
W/ActivityManager( 1753): Unable to start service Intent { cmp=com.android.printspooler/.model.PrintSpoolerService } U=0: not found
D/NuPlayerDriver( 1457): reset(0xb502f400)
I/ActivityManager( 1753): Config changes=1dfb {1.0 460mcc7mnc zh_CN ?layoutDir sw480dp w480dp h828dp 240dpi lrg long port finger -keyb/v/h -nav/h s.3}
D/NuPlayerDriver( 1457): notifyResetComplete(0xb502f400)
I/dhcpcd  ( 1959): eth1: offered 172.17.100.15 from 172.17.100.2
I/dhcpcd  ( 1959): eth1: acknowledged 172.17.100.15 from 172.17.100.2
I/dhcpcd  ( 1959): eth1: leased 172.17.100.15 for 86400 seconds
I/FFmpegExtractor( 1457): android-source:0xb5024240
D/FFMPEG  ( 1457): android source begin open
D/FFMPEG  ( 1457): android open, url: android-source:0xb5024240
D/FFMPEG  ( 1457): ffmpeg open android data source success, source ptr: 0xb5024240
D/FFMPEG  ( 1457): android source open success
I/Choreographer( 1753): Skipped 182 frames!  The application may be doing too much work on its main thread.
D/AndroidRuntime( 1833): CheckJNI is OFF
V/ActivityManager( 1753): Display changed displayId=0
V/ActivityManager( 1753): Display changed displayId=0
I/FFMPEG  ( 1457): Input #0, ogg, from 'android-source:0xb5024240':
I/FFMPEG  ( 1457):   Duration: 00:00:00.07, start: 0.000000, bitrate: 683 kb/s
I/FFMPEG  ( 1457):     Stream #0:0: Audio: vorbis, 44100 Hz, stereo, fltp, 160 kb/s
I/FFmpegExtractor( 1457): FFmpegExtrator, url: android-source:0xb5024240, format_name: ogg, format_long_name: Ogg
I/FFmpegExtractor( 1457): list the formats suppoted by ffmpeg: 
I/FFmpegExtractor( 1457): ========================================
I/FFmpegExtractor( 1457): ========================================
I/FFmpegExtractor( 1457): adjust mime(application/ogg -> audio/vorbis)
D/FFmpegExtractor( 1457): suppoted codec(vorbis) by official Stagefright
D/FFMPEG  ( 1457): android source close
I/FFmpegExtractor( 1457): sniff through BetterSniffFFMPEG success
D/FFmpegExtractor( 1457): ffmpeg detected media content as 'audio/vorbis' with confidence 0.08
D/NuPlayerDriver( 1457): start(0xb584fc40)
I/GenericSource( 1457): start
D/NuPlayerDriver( 1457): reset(0xb584fc40)
D/NuPlayerDriver( 1457): notifyResetComplete(0xb584fc40)
I/FFmpegExtractor( 1457): android-source:0xb5024240
D/FFMPEG  ( 1457): android source begin open
D/FFMPEG  ( 1457): android open, url: android-source:0xb5024240
D/FFMPEG  ( 1457): ffmpeg open android data source success, source ptr: 0xb5024240
D/FFMPEG  ( 1457): android source open success
I/FFMPEG  ( 1457): Input #0, ogg, from 'android-source:0xb5024240':
I/FFMPEG  ( 1457):   Duration: 00:00:00.18, start: 0.000000, bitrate: 431 kb/s
I/FFMPEG  ( 1457):     Stream #0:0: Audio: vorbis, 44100 Hz, mono, fltp, 239 kb/s
I/FFMPEG  ( 1457):     Metadata:
I/FFMPEG  ( 1457):       ARTIST          : Copyright 2013 Android Open Source Project
I/FFmpegExtractor( 1457): FFmpegExtrator, url: android-source:0xb5024240, format_name: ogg, format_long_name: Ogg
I/FFmpegExtractor( 1457): list the formats suppoted by ffmpeg: 
I/FFmpegExtractor( 1457): ========================================
I/FFmpegExtractor( 1457): ========================================
I/FFmpegExtractor( 1457): adjust mime(application/ogg -> audio/vorbis)
D/FFmpegExtractor( 1457): suppoted codec(vorbis) by official Stagefright
D/FFMPEG  ( 1457): android source close
I/FFmpegExtractor( 1457): sniff through BetterSniffFFMPEG success
D/FFmpegExtractor( 1457): ffmpeg detected media content as 'audio/vorbis' with confidence 0.08
D/NuPlayerDriver( 1457): start(0xb584fbe0)
I/GenericSource( 1457): start
D/NuPlayerDriver( 1457): reset(0xb584fbe0)
D/NuPlayerDriver( 1457): notifyResetComplete(0xb584fbe0)
E/WifiStateMachine( 1753): WifiStateMachine: handleSuccessfulIpConfiguration and no scan results"WiredSSID"NONE
D/ConnectivityService( 1753): NetworkAgentInfo [WIFI () - 100] EVENT_NETWORK_INFO_CHANGED, going from CONNECTING to CONNECTED
I/Telecom ( 1753): TelecomGlobals: TelecomGlobals initializing
D/ConnectivityService( 1753): Adding iface eth1 to network 100
E/WifiStateMachine( 1753): Did not find remoteAddress {172.17.100.2} in /proc/net/arp
I/ActivityManager( 1753): Start proc 2097:android.process.acore/u0a2 for content provider com.android.providers.contacts/.CallLogProvider
E/ConnectivityService( 1753): Unexpected mtu value: 0, eth1
D/ConnectivityService( 1753): Adding Route [fe80::/64 -> :: eth1] to network 100
D/ConnectivityService( 1753): Adding Route [172.17.100.0/24 -> 0.0.0.0 eth1] to network 100
D/ConnectivityService( 1753): Adding Route [0.0.0.0/0 -> 172.17.100.2 eth1] to network 100
D/ConnectivityService( 1753): Setting Dns servers for network 100 to [/192.168.10.1]
D/BluetoothManagerService( 1753): Trying to bind to profile: 1, while Bluetooth was disabled
D/BluetoothManagerService( 1753): Message: 30
W/art     ( 1753): Suspending all threads took: 19.583ms
W/        ( 1833): Failed to bind-mount /system/lib/x86/cpuinfo as /proc/cpuinfo: No such file or directory
E/        ( 1833): Cannot create code cache directory ./code_cache: Read-only file system.
D/ConnectivityService( 1753): notifyType IP_CHANGED for NetworkAgentInfo [WIFI () - 100]
D/ConnectivityService( 1753): notifyType PRECHECK for NetworkAgentInfo [WIFI () - 100]
D/NetworkMonitor/NetworkAgentInfo [WIFI () - 100]( 1753): DefaultState{ when=0 what=532481 target=com.android.internal.util.StateMachine$SmHandler }
D/NetworkMonitor/NetworkAgentInfo [WIFI () - 100]( 1753): Connected
D/ConnectivityService( 1753): rematching NetworkAgentInfo [WIFI () - 100]
D/ConnectivityService( 1753):    accepting network in place of null
D/ConnectivityService( 1753): Switching to new default network: NetworkAgentInfo{ ni{[type: WIFI[], state: CONNECTED/CONNECTED, reason: (unspecified), extra: "WiredSSID", roaming: false, failover: false, isAvailable: true, isConnectedToProvisioningNetwork: false]}  network{100}  lp{{InterfaceName: eth1 LinkAddresses: [fe80::a00:27ff:feea:e1ae/64,172.17.100.15/24,]  Routes: [fe80::/64 -> :: eth1,172.17.100.0/24 -> 0.0.0.0 eth1,0.0.0.0/0 -> 172.17.100.2 eth1,] DnsAddresses: [192.168.10.1,] Domains:  MTU: 0 TcpBufferSizes: 524288,1048576,2097152,262144,524288,1048576}}  nc{[ Transports: WIFI Capabilities: INTERNET&NOT_RESTRICTED&TRUSTED&NOT_VPN LinkUpBandwidth>=1048576Kbps LinkDnBandwidth>=1048576Kbps]}  Score{20}  everValidated{false}  lastValidated{false}  created{true}  explicitlySelected{false} }
D/ConnectivityService( 1753): Setting tx/rx TCP buffers to 524288,1048576,2097152,262144,524288,1048576
D/ConnectivityService( 1753): notifyType AVAILABLE for NetworkAgentInfo [WIFI () - 100]
I/art     ( 1753): Background sticky concurrent mark sweep GC freed 48762(2MB) AllocSpace objects, 14(240KB) LOS objects, 23% free, 9MB/12MB, paused 29.415ms total 1.142s
D/CSLegacyTypeTracker( 1753): Sending connected broadcast for type 1 NetworkAgentInfo [WIFI () - 100] isDefaultNetwork=true
I/Telecom ( 1753): TelecomGlobals: CallsManager initialized
D/ConnectivityService( 1753): sendStickyBroadcast: action=android.net.conn.CONNECTIVITY_CHANGE_IMMEDIATE
D/ConnectivityService( 1753): sendStickyBroadcast: action=android.net.conn.CONNECTIVITY_CHANGE
W/ContextImpl( 1753): Calling a method in the system process without a qualified user: android.app.ContextImpl.startService:1706 android.content.ContextWrapper.startService:516 com.android.server.telecom.BluetoothPhoneService.start:440 com.android.server.telecom.TelecomGlobals.initialize:93 com.android.server.telecom.TelecomService.onCreate:164 
D/WifiScanningService( 1753): SCAN_AVAILABLE : 3
D/WifiScanningService( 1753): DefaultState got{ when=0 what=160006 target=com.android.internal.util.StateMachine$SmHandler }
I/WifiNative-HAL( 1753): startHal
E/WifiScanningService( 1753): could not start HAL
D/RttService( 1753): SCAN_AVAILABLE : 3
D/RttService( 1753): DefaultState got{ when=0 what=160512 target=com.android.internal.util.StateMachine$SmHandler }
W/WindowManager( 1753): Window freeze timeout expired.
W/WindowManager( 1753): Force clearing orientation change: Window{37356733 u0 KeyguardScrim}
W/ResourcesManager( 1753): Asset path '/system/framework/com.android.location.provider.jar' does not exist or contains no resources.
I/WifiNative-HAL( 1753): startHal
D/GpsNetInitiatedHandler( 1753): location enabled :true
D/ConnectivityService( 1753): updateNetworkScore for NetworkAgentInfo [WIFI () - 100] to 56
D/ConnectivityService( 1753): rematching NetworkAgentInfo [WIFI () - 100]
D/ConnectivityService( 1753): Network NetworkAgentInfo [WIFI () - 100] was already satisfying request 1. No change.
D/ConnectivityService( 1753): notifyType AVAILABLE for NetworkAgentInfo [WIFI () - 100]
V/WiredAccessoryManager( 1753): init()
D/TelephonyProvider( 1983): dbh.onOpen: ok, queried table=siminfo
D/TelephonyProvider( 1983): dbh.onOpen: ok, queried table=carriers
D/NetworkMonitor/NetworkAgentInfo [WIFI () - 100]( 1753): EvaluatingState{ when=-822ms what=532486 arg1=1 target=com.android.internal.util.StateMachine$SmHandler }
D/NetworkMonitor/NetworkAgentInfo [WIFI () - 100]( 1753): Validated
D/ConnectivityService( 1753): setProvNotificationVisibleIntent: E visible=false networkType=0 extraInfo=null
D/ConnectivityService( 1753): Validated NetworkAgentInfo [WIFI () - 100]
D/ConnectivityService( 1753): rematching NetworkAgentInfo [WIFI () - 100]
D/ConnectivityService( 1753): Network NetworkAgentInfo [WIFI () - 100] was already satisfying request 1. No change.
D/ConnectivityService( 1753): notifyType AVAILABLE for NetworkAgentInfo [WIFI () - 100]
D/ConnectivityService( 1753): sendStickyBroadcast: action=android.net.conn.INET_CONDITION_ACTION
E/memtrack( 1833): Couldn't load memtrack module (No such file or directory)
E/android.os.Debug( 1833): failed to load memtrack module: -2
D/VolumeUI( 1858): Registering volume controller
D/BluetoothManagerService( 1753): Message: 300
D/BluetoothManagerService( 1753): MESSAGE_USER_SWITCHED
D/PermissionCache( 1447): checking android.permission.HARDWARE_TEST for uid=1000 => granted (64083 us)
D/AndroidRuntime( 1833): Calling main entry com.android.commands.settings.SettingsCmd
D/AndroidRuntime( 1833): Shutting down VM
W/art     ( 1753): Long monitor contention event with owner method=java.util.List com.android.server.am.ActivityManagerService.getRunningAppProcesses() from ActivityManagerService.java:12309 waiters=0 for 283ms
W/art     ( 1753): Long monitor contention event with owner method=java.util.List com.android.server.am.ActivityManagerService.getRunningAppProcesses() from ActivityManagerService.java:12309 waiters=1 for 251ms
I/Choreographer( 1858): Skipped 71 frames!  The application may be doing too much work on its main thread.
V/ActivityManager( 1753): Display changed displayId=0
V/BackupManagerService( 1753): Connected to transport ComponentInfo{android/com.android.internal.backup.LocalTransportService}
V/BackupManagerService( 1753): Registering transport android/com.android.internal.backup.LocalTransportService::android/com.android.internal.backup.LocalTransport = android.app.backup.BackupTransport$TransportImpl@3c0766aa
I/StatusBarManagerService( 1753): registerStatusBar bar=com.android.internal.statusbar.IStatusBar$Stub$Proxy@21eab29b
I/Choreographer( 1753): Skipped 243 frames!  The application may be doing too much work on its main thread.
D/ConnectivityService( 1753): updateNetworkScore for NetworkAgentInfo [WIFI () - 100] to 60
D/ConnectivityService( 1753): rematching NetworkAgentInfo [WIFI () - 100]
D/ConnectivityService( 1753): Network NetworkAgentInfo [WIFI () - 100] was already satisfying request 1. No change.
D/ConnectivityService( 1753): notifyType AVAILABLE for NetworkAgentInfo [WIFI () - 100]
E/DcSwitchStateMachine-0( 1983): DctController is not ready
D/Tethering( 1753): MasterInitialState.processMessage what=3
I/ContactLocale( 2097): AddressBook Labels [zh-CN]: [, A, B, C, D, E, F, G, H, I, J, K, L, M, N, O, P, Q, R, S, T, U, V, W, X, Y, Z, Α, Β, Γ, Δ, Ε, Ζ, Η, Θ, Ι, Κ, Λ, Μ, Ν, Ξ, Ο, Π, Ρ, Σ, Τ, Υ, Φ, Χ, Ψ, Ω, , А, Б, В, Г, Д, Ђ, Е, Є, Ж, З, И, І, Ї, Й, Ј, К, Л, Љ, М, Н, Њ, О, П, Р, С, Т, Ћ, У, Ф, Х, Ц, Ч, Џ, Ш, Щ, Ю, Я, , א, ב, ג, ד, ה, ו, ז, ח, ט, י, כ, ל, מ, נ, ס, ע, פ, צ, ק, ר, ש, ת, , ا, ب, ت, ث, ج, ح, خ, د, ذ, ر, ز, س, ش, ص, ض, ط, ظ, ع, غ, ف, ق, ك, ل, م, ن, ه, و, ي, , ก, ข, ฃ, ค, ฅ, ฆ, ง, จ, ฉ, ช, ซ, ฌ, ญ, ฎ, ฏ, ฐ, ฑ, ฒ, ณ, ด, ต, ถ, ท, ธ, น, บ, ป, ผ, ฝ, พ, ฟ, ภ, ม, ย, ร, ฤ, ล, ฦ, ว, ศ, ษ, ส, ห, ฬ, อ, ฮ, , ㄱ, ㄴ, ㄷ, ㄹ, ㅁ, ㅂ, ㅅ, ㅇ, ㅈ, ㅊ, ㅋ, ㅌ, ㅍ, ㅎ, , あ, か, さ, た, な, は, ま, や, ら, わ, #, ]
E/ConnectivityService( 1753): Failed to find Messenger in unregisterNetworkFactory
D/ConnectivityService( 1753): Got NetworkFactory Messenger for Telephony
D/BluetoothManagerService( 1753): Trying to bind to profile: 1, while Bluetooth was disabled
D/BluetoothManagerService( 1753): Message: 30
D/AlarmManagerService( 1753): Setting time of day to sec=1577696709
D/GpsLocationProvider( 1753): GpsParamsResource: SUPL_HOST=supl.google.com
D/GpsLocationProvider( 1753): GpsParamsResource: SUPL_PORT=7275
D/GpsLocationProvider( 1753): GpsParamsResource: NTP_SERVER=north-america.pool.ntp.org
D/GpsLocationProvider( 1753): GpsParamsResource: SUPL_VER=0x20000
D/GpsLocationProvider( 1753): GpsParamsResource: SUPL_MODE=1
D/GpsLocationProvider( 1753): GPS properties reloaded, size = 8
E/GpsLocationProvider( 1753): no AGPS interface in set_agps_server
E/GpsLocationProvider( 1753): no GPS configuration interface in configuraiton_update
D/GpsLocationProvider( 1753): final config = #Mon Dec 30 17:05:09 GMT+08:00 2019
D/GpsLocationProvider( 1753): SUPL_VER=0x20000
D/GpsLocationProvider( 1753): SUPL_HOST=supl.google.com
D/GpsLocationProvider( 1753): XTRA_SERVER_3=http\://xtra3.gpsonextra.net/xtra.bin
D/GpsLocationProvider( 1753): XTRA_SERVER_1=http\://xtra1.gpsonextra.net/xtra.bin
D/GpsLocationProvider( 1753): SUPL_PORT=7276
D/GpsLocationProvider( 1753): XTRA_SERVER_2=http\://xtra2.gpsonextra.net/xtra.bin
D/GpsLocationProvider( 1753): NTP_SERVER=north-america.pool.ntp.org
D/GpsLocationProvider( 1753): SUPL_MODE=1
D/TelephonyDebugService( 1983): TelephonyDebugService()
D/WifiService( 1753): New client listening to asynchronous messages
E/memtrack( 2223): Couldn't load memtrack module (No such file or directory)
E/android.os.Debug( 2223): failed to load memtrack module: -2
D/WifiService( 1753): New client listening to asynchronous messages
D/AndroidRuntime( 2223): Calling main entry com.android.commands.am.Am
I/Telephony( 1983): PstnIncomingCallNotifier: Registering: Handler (com.android.internal.telephony.gsm.GSMPhone) {33608ce}
I/art     ( 1858): Background sticky concurrent mark sweep GC freed 16805(1074KB) AllocSpace objects, 0(0B) LOS objects, 16% free, 5MB/6MB, paused 660us total 406.112ms
D/AndroidRuntime( 2223): Shutting down VM
D/Sensors ( 1753): Client connection accepted (184)
D/AndroidRuntime( 2264): >>>>>> START com.android.internal.os.RuntimeInit uid 0 <<<<<<
E/NOX     ( 1793): recv() error
D/NOX     ( 1793): Socket read error
W/ImageLoader( 2040): diskCache() and diskCacheFileNameGenerator() calls overlap each other
D/BluetoothManagerService( 1753): Message: 20
D/BluetoothManagerService( 1753): Added callback: android.bluetooth.IBluetoothManagerCallback$Stub$Proxy@33e6186b:true
I/art     ( 1461): Background concurrent mark sweep GC freed 793(33KB) AllocSpace objects, 0(0B) LOS objects, 40% free, 4MB/6MB, paused 338us total 150.230ms
I/ActivityManager( 1753): Start proc 2224:android.process.media/u0a4 for broadcast com.android.providers.downloads/.DownloadReceiver
D/AndroidRuntime( 2264): CheckJNI is OFF
W/        ( 2264): Failed to bind-mount /system/lib/x86/cpuinfo as /proc/cpuinfo: No such file or directory
E/        ( 2264): Cannot create code cache directory ./code_cache: Read-only file system.
D/AndroidRuntime( 2223): >>>>>> START com.android.internal.os.RuntimeInit uid 0 <<<<<<
D/BluetoothManagerService( 1753): Message: 30
D/BluetoothManagerService( 1753): Trying to bind to profile: 1, while Bluetooth was disabled
D/GpsLocationProvider( 1753): received SIM realted action: 
D/GpsLocationProvider( 1753): SIM MCC/MNC is available: 46007
D/GpsLocationProvider( 1753): Reset GPS properties, previous size = 8
D/GpsLocationProvider( 1753): GpsParamsResource: SUPL_HOST=supl.google.com
D/GpsLocationProvider( 1753): GpsParamsResource: SUPL_PORT=7275
D/GpsLocationProvider( 1753): GpsParamsResource: NTP_SERVER=north-america.pool.ntp.org
D/GpsLocationProvider( 1753): GpsParamsResource: SUPL_VER=0x20000
D/GpsLocationProvider( 1753): GpsParamsResource: SUPL_MODE=1
D/GpsLocationProvider( 1753): GPS properties reloaded, size = 8
E/GpsLocationProvider( 1753): no AGPS interface in set_agps_server
E/GpsLocationProvider( 1753): no GPS configuration interface in configuraiton_update
D/GpsLocationProvider( 1753): final config = #Mon Dec 30 17:05:10 GMT+08:00 2019
D/GpsLocationProvider( 1753): SUPL_VER=0x20000
D/GpsLocationProvider( 1753): SUPL_HOST=supl.google.com
D/GpsLocationProvider( 1753): XTRA_SERVER_3=http\://xtra3.gpsonextra.net/xtra.bin
D/GpsLocationProvider( 1753): XTRA_SERVER_1=http\://xtra1.gpsonextra.net/xtra.bin
D/GpsLocationProvider( 1753): SUPL_PORT=7276
D/GpsLocationProvider( 1753): XTRA_SERVER_2=http\://xtra2.gpsonextra.net/xtra.bin
D/GpsLocationProvider( 1753): NTP_SERVER=north-america.pool.ntp.org
D/GpsLocationProvider( 1753): SUPL_MODE=1
E/SQLiteLog( 2224): (283) recovered 30 frames from WAL file /data/data/com.android.providers.media/databases/external.db-wal
I/art     ( 2040): Background sticky concurrent mark sweep GC freed 4824(429KB) AllocSpace objects, 15(240KB) LOS objects, 0% free, 26MB/26MB, paused 25.719ms total 354.704ms
W/art     ( 1753): Long monitor contention event with owner method=void com.android.server.wallpaper.WallpaperManagerService$WallpaperConnection.onServiceConnected(android.content.ComponentName, android.os.IBinder) from WallpaperManagerService.java:246 waiters=0 for 564ms
I/Telephony( 1983): PstnIncomingCallNotifier: Unregistering: Handler (com.android.internal.telephony.gsm.GSMPhone) {33608ce}
E/memtrack( 2264): Couldn't load memtrack module (No such file or directory)
E/android.os.Debug( 2264): failed to load memtrack module: -2
I/Telephony( 1983): PstnIncomingCallNotifier: Registering: Handler (com.android.internal.telephony.gsm.GSMPhone) {33608ce}
D/AndroidRuntime( 2264): Calling main entry com.android.commands.am.Am
D/AndroidRuntime( 2223): CheckJNI is OFF
E/WifiStateMachine( 1753): WifiStateMachine L2Connected CMD_START_SCAN source -2 2, 3 -> obsolete
W/art     ( 2040): Suspending all threads took: 346.147ms
I/art     ( 2040): Background partial concurrent mark sweep GC freed 409(60KB) AllocSpace objects, 1(1024KB) LOS objects, 38% free, 26MB/42MB, paused 347.952ms total 456.695ms
W/ContextImpl( 2040): Calling a method in the system process without a qualified user: android.app.ContextImpl.startService:1706 android.content.ContextWrapper.startService:516 com.vphone.launcher.LauncherApplication.onCreate:120 android.app.Instrumentation.callApplicationOnCreate:1012 android.app.ActivityThread.handleBindApplication:4592 
I/Telephony( 1983): TtyManager: updateUiTtyMode -1 -> 0
W/        ( 2223): Failed to bind-mount /system/lib/x86/cpuinfo as /proc/cpuinfo: No such file or directory
E/        ( 2223): Cannot create code cache directory ./code_cache: Read-only file system.
D/GpsLocationProvider( 1753): received SIM realted action: 
D/GpsLocationProvider( 1753): SIM MCC/MNC is available: 46007
D/GpsLocationProvider( 1753): Reset GPS properties, previous size = 8
D/AlarmManagerService( 1753): Setting time of day to sec=1577696709
I/ActivityManager( 1753): Start proc 2331:com.bignox.app.store.hd/1000 for broadcast com.bignox.app.store.hd/.providers.downloads.DownloadReceiver
I/art     ( 1461): Explicit concurrent mark sweep GC freed 707(30KB) AllocSpace objects, 0(0B) LOS objects, 39% free, 4MB/6MB, paused 327us total 23.528ms
D/WifiService( 1753): New client listening to asynchronous messages
W/ResourceType( 2040): Attempt to retrieve bag 0x7f0e00a4 which is invalid or in a cycle.
D/BluetoothManagerService( 1753): Message: 20
D/BluetoothManagerService( 1753): Added callback: android.bluetooth.IBluetoothManagerCallback$Stub$Proxy@19f5bf17:true
I/art     ( 1461): Explicit concurrent mark sweep GC freed 7(240B) AllocSpace objects, 0(0B) LOS objects, 40% free, 4MB/6MB, paused 350us total 85.604ms
I/art     ( 1461): Explicit concurrent mark sweep GC freed 5(160B) AllocSpace objects, 0(0B) LOS objects, 40% free, 4MB/6MB, paused 350us total 19.044ms
I/art     ( 1753): Explicit concurrent mark sweep GC freed 15899(1168KB) AllocSpace objects, 11(176KB) LOS objects, 33% free, 9MB/14MB, paused 875us total 104.799ms
D/BluetoothAdapter( 1858): 578278833: getState() :  mService = null. Returning STATE_OFF
D/BluetoothAdapter( 1858): 578278833: getState() :  mService = null. Returning STATE_OFF
D/BluetoothManagerService( 1753): Message: 30
D/BluetoothManagerService( 1753): Message: 30
E/BluetoothA2dpSink( 1858): Could not bind to Bluetooth A2DP Service with Intent { act=android.bluetooth.IBluetoothA2dpSink }
D/BluetoothManagerService( 1753): Message: 30
E/BluetoothAvrcpController( 1858): Could not bind to Bluetooth AVRCP Controller Service with Intent { act=android.bluetooth.IBluetoothAvrcpController }
D/BluetoothManagerService( 1753): Message: 30
D/BluetoothManagerService( 1753): Trying to bind to profile: 1, while Bluetooth was disabled
D/BluetoothManagerService( 1753): Message: 30
E/BluetoothHeadsetClient( 1858): Could not bind to Bluetooth Headset Client Service with Intent { act=android.bluetooth.IBluetoothHeadsetClient }
D/BluetoothManagerService( 1753): Message: 30
D/BluetoothMap( 1858): Create BluetoothMap proxy object
D/BluetoothManagerService( 1753): Message: 30
D/BluetoothManagerService( 1753): Message: 30
D/ConnectivityService( 1753): listenForNetwork for NetworkRequest [ id=2, legacyType=-1, [] ]
D/ConnectivityService( 1753): handleRegisterNetworkRequest checking NetworkAgentInfo [WIFI () - 100]
D/ConnectivityService( 1753): apparently satisfied.  currentScore=60
D/ConnectivityManager.CallbackHandler( 1858): CM callback handler got msg 524290
I/CameraManagerGlobal( 1858): getCameraService: Reconnecting to camera service
E/CameraService( 1457): getCameraVendorTagDescriptor: camera hardware module doesn't exist
E/CameraMetadata-JNI( 1858): CameraMetadata_setupGlobalVendorTagDescriptor: Failed to setup vendor tag descriptors, received error No such device (-19)
W/CameraManagerGlobal( 1858): Failed to set up vendor tags: The camera device is removable and has been disconnected from the Android device, or the camera service has shut down the connection due to a higher-priority access request for the camera device.
E/RemotePrintSpooler( 1753): Error removing obsolete print jobs .
E/RemotePrintSpooler( 1753): java.util.concurrent.TimeoutException: Cannot get spooler!
E/RemotePrintSpooler( 1753): 	at com.android.server.print.RemotePrintSpooler.bindLocked(RemotePrintSpooler.java:378)
E/RemotePrintSpooler( 1753): 	at com.android.server.print.RemotePrintSpooler.getRemoteInstanceLazy(RemotePrintSpooler.java:354)
E/RemotePrintSpooler( 1753): 	at com.android.server.print.RemotePrintSpooler.removeObsoletePrintJobs(RemotePrintSpooler.java:289)
E/RemotePrintSpooler( 1753): 	at com.android.server.print.UserState.removeObsoletePrintJobs(UserState.java:165)
E/RemotePrintSpooler( 1753): 	at com.android.server.print.PrintManagerService$PrintManagerImpl$3.run(PrintManagerService.java:644)
E/RemotePrintSpooler( 1753): 	at android.os.Handler.handleCallback(Handler.java:739)
E/RemotePrintSpooler( 1753): 	at android.os.Handler.dispatchMessage(Handler.java:95)
E/RemotePrintSpooler( 1753): 	at android.os.Looper.loop(Looper.java:135)
E/RemotePrintSpooler( 1753): 	at android.os.HandlerThread.run(HandlerThread.java:61)
W/Searchables( 1753): No global search activity found
W/DebugConnManager( 1753): getNetworkInfo() on networkType 1
D/GpsLocationProvider( 1753): received SIM realted action: 
D/GpsLocationProvider( 1753): SIM MCC/MNC is available: 46007
D/GpsLocationProvider( 1753): Reset GPS properties, previous size = 8
D/GpsLocationProvider( 1753): GpsParamsResource: SUPL_HOST=supl.google.com
D/GpsLocationProvider( 1753): GpsParamsResource: SUPL_PORT=7275
D/GpsLocationProvider( 1753): GpsParamsResource: NTP_SERVER=north-america.pool.ntp.org
D/GpsLocationProvider( 1753): GpsParamsResource: SUPL_VER=0x20000
D/GpsLocationProvider( 1753): GpsParamsResource: SUPL_MODE=1
D/GpsLocationProvider( 1753): GPS properties reloaded, size = 8
E/GpsLocationProvider( 1753): no AGPS interface in set_agps_server
E/GpsLocationProvider( 1753): no GPS configuration interface in configuraiton_update
D/GpsLocationProvider( 1753): final config = #Mon Dec 30 17:05:12 GMT+08:00 2019
D/GpsLocationProvider( 1753): SUPL_VER=0x20000
D/GpsLocationProvider( 1753): SUPL_HOST=supl.google.com
D/GpsLocationProvider( 1753): XTRA_SERVER_3=http\://xtra3.gpsonextra.net/xtra.bin
D/GpsLocationProvider( 1753): XTRA_SERVER_1=http\://xtra1.gpsonextra.net/xtra.bin
D/GpsLocationProvider( 1753): SUPL_PORT=7276
D/GpsLocationProvider( 1753): XTRA_SERVER_2=http\://xtra2.gpsonextra.net/xtra.bin
D/GpsLocationProvider( 1753): NTP_SERVER=north-america.pool.ntp.org
D/GpsLocationProvider( 1753): SUPL_MODE=1
D/GpsLocationProvider( 1753): received SIM realted action: 
I/FusedLocation( 1753): engine started (com.android.location.fused)
D/GpsLocationProvider( 1753): SIM MCC/MNC is available: 46007
D/GpsLocationProvider( 1753): Reset GPS properties, previous size = 8
D/GpsLocationProvider( 1753): GpsParamsResource: SUPL_HOST=supl.google.com
D/GpsLocationProvider( 1753): GpsParamsResource: SUPL_PORT=7275
D/GpsLocationProvider( 1753): GpsParamsResource: NTP_SERVER=north-america.pool.ntp.org
D/GpsLocationProvider( 1753): GpsParamsResource: SUPL_VER=0x20000
D/GpsLocationProvider( 1753): GpsParamsResource: SUPL_MODE=1
D/GpsLocationProvider( 1753): GPS properties reloaded, size = 8
E/GpsLocationProvider( 1753): no AGPS interface in set_agps_server
E/GpsLocationProvider( 1753): no GPS configuration interface in configuraiton_update
D/GpsLocationProvider( 1753): final config = #Mon Dec 30 17:05:12 GMT+08:00 2019
D/GpsLocationProvider( 1753): SUPL_VER=0x20000
D/GpsLocationProvider( 1753): SUPL_HOST=supl.google.com
D/GpsLocationProvider( 1753): XTRA_SERVER_3=http\://xtra3.gpsonextra.net/xtra.bin
D/GpsLocationProvider( 1753): XTRA_SERVER_1=http\://xtra1.gpsonextra.net/xtra.bin
D/GpsLocationProvider( 1753): SUPL_PORT=7276
D/GpsLocationProvider( 1753): XTRA_SERVER_2=http\://xtra2.gpsonextra.net/xtra.bin
D/GpsLocationProvider( 1753): NTP_SERVER=north-america.pool.ntp.org
D/GpsLocationProvider( 1753): SUPL_MODE=1
D/GpsLocationProvider( 1753): received SIM realted action: 
D/GpsLocationProvider( 1753): SIM MCC/MNC is available: 46007
D/GpsLocationProvider( 1753): Reset GPS properties, previous size = 8
D/GpsLocationProvider( 1753): GpsParamsResource: SUPL_HOST=supl.google.com
D/GpsLocationProvider( 1753): GpsParamsResource: SUPL_PORT=7275
D/GpsLocationProvider( 1753): GpsParamsResource: NTP_SERVER=north-america.pool.ntp.org
D/GpsLocationProvider( 1753): GpsParamsResource: SUPL_VER=0x20000
D/GpsLocationProvider( 1753): GpsParamsResource: SUPL_MODE=1
D/GpsLocationProvider( 1753): GPS properties reloaded, size = 8
E/GpsLocationProvider( 1753): no AGPS interface in set_agps_server
E/GpsLocationProvider( 1753): no GPS configuration interface in configuraiton_update
D/GpsLocationProvider( 1753): final config = #Mon Dec 30 17:05:12 GMT+08:00 2019
D/GpsLocationProvider( 1753): SUPL_VER=0x20000
D/GpsLocationProvider( 1753): SUPL_HOST=supl.google.com
D/GpsLocationProvider( 1753): XTRA_SERVER_3=http\://xtra3.gpsonextra.net/xtra.bin
D/GpsLocationProvider( 1753): XTRA_SERVER_1=http\://xtra1.gpsonextra.net/xtra.bin
D/GpsLocationProvider( 1753): SUPL_PORT=7276
D/GpsLocationProvider( 1753): XTRA_SERVER_2=http\://xtra2.gpsonextra.net/xtra.bin
D/GpsLocationProvider( 1753): NTP_SERVER=north-america.pool.ntp.org
D/GpsLocationProvider( 1753): SUPL_MODE=1
D/PhoneInterfaceManager( 1983): [PhoneIntfMgr] getDataEnabled: subId=2 phoneId=2147483647
D/PhoneInterfaceManager( 1983): [PhoneIntfMgr] getDataEnabled: subId=2 retVal=true
D/TelephonyManager( 1753): getDataEnabled: retVal=true
V/KeyguardServiceDelegate( 1753): *** Keyguard started
W/KeyguardServiceDelegate( 1753): onScreenTurnedOn(): no keyguard service!
D/BluetoothAdapter( 1858): 578278833: getState() :  mService = null. Returning STATE_OFF
D/BluetoothAdapter( 1858): 578278833: getState() :  mService = null. Returning STATE_OFF
D/BluetoothAdapter( 1858): 578278833: getState() :  mService = null. Returning STATE_OFF
D/BluetoothAdapter( 1858): 578278833: getState() :  mService = null. Returning STATE_OFF
W/linker  ( 2331): libxl_thunder_sdk.so: unused DT entry: type 0xf arg 0x57897
E/GpsLocationProvider( 1753): No APN found to select.
D/OpenGLRenderer( 1858): Use EGL_SWAP_BEHAVIOR_PRESERVED: true
D/OpenGLRenderer( 2040): Use EGL_SWAP_BEHAVIOR_PRESERVED: true
I/art     ( 1983): Background sticky concurrent mark sweep GC freed 16036(1166KB) AllocSpace objects, 8(128KB) LOS objects, 19% free, 5MB/6MB, paused 526us total 152.231ms
D/GpsLocationProvider( 1753): NTP server returned: 1577696709697 (Mon Dec 30 17:05:09 GMT+08:00 2019) reference: 45015 certainty: 15 system time offset: -3008
D/Atlas   ( 1858): Validating map...
D/Atlas   ( 2040): Validating map...
V/WindowManager( 1753): Based on layer: Adding window Window{188bdad7 u0 com.vphone.launcher/com.vphone.launcher.Launcher} at 0 of 2
D/GpsLocationProvider( 1753): received SIM realted action: 
D/PhoneStatusBar( 1858): disable: < EXPAND* icons alerts system_info BACK* HOME* RECENT* clock SEARCH* >
D/GpsLocationProvider( 1753): SIM MCC/MNC is available: 46007
D/GpsLocationProvider( 1753): Reset GPS properties, previous size = 8
D/GpsLocationProvider( 1753): GpsParamsResource: SUPL_HOST=supl.google.com
D/GpsLocationProvider( 1753): GpsParamsResource: SUPL_PORT=7275
D/GpsLocationProvider( 1753): GpsParamsResource: NTP_SERVER=north-america.pool.ntp.org
D/GpsLocationProvider( 1753): GpsParamsResource: SUPL_VER=0x20000
D/GpsLocationProvider( 1753): GpsParamsResource: SUPL_MODE=1
D/GpsLocationProvider( 1753): GPS properties reloaded, size = 8
E/GpsLocationProvider( 1753): no AGPS interface in set_agps_server
E/GpsLocationProvider( 1753): no GPS configuration interface in configuraiton_update
D/GpsLocationProvider( 1753): final config = #Mon Dec 30 17:05:12 GMT+08:00 2019
D/GpsLocationProvider( 1753): SUPL_VER=0x20000
D/GpsLocationProvider( 1753): SUPL_HOST=supl.google.com
D/GpsLocationProvider( 1753): XTRA_SERVER_3=http\://xtra3.gpsonextra.net/xtra.bin
D/GpsLocationProvider( 1753): XTRA_SERVER_1=http\://xtra1.gpsonextra.net/xtra.bin
D/GpsLocationProvider( 1753): SUPL_PORT=7276
D/GpsLocationProvider( 1753): XTRA_SERVER_2=http\://xtra2.gpsonextra.net/xtra.bin
D/GpsLocationProvider( 1753): NTP_SERVER=north-america.pool.ntp.org
D/GpsLocationProvider( 1753): SUPL_MODE=1
I/Telephony( 1983): PstnIncomingCallNotifier: Unregistering: Handler (com.android.internal.telephony.gsm.GSMPhone) {33608ce}
D/BluetoothAdapter( 1858): 578278833: getState() :  mService = null. Returning STATE_OFF
D/BluetoothAdapter( 1858): 578278833: getState() :  mService = null. Returning STATE_OFF
I/Telephony( 1983): PstnIncomingCallNotifier: Registering: Handler (com.android.internal.telephony.gsm.GSMPhone) {33608ce}
D/PhoneStatusBar( 1858): heads up is enabled
D/GpsLocationProvider( 1753): received SIM realted action: 
D/GpsLocationProvider( 1753): SIM MCC/MNC is available: 46007
D/GpsLocationProvider( 1753): Reset GPS properties, previous size = 8
D/GpsLocationProvider( 1753): GpsParamsResource: SUPL_HOST=supl.google.com
D/GpsLocationProvider( 1753): GpsParamsResource: SUPL_PORT=7275
D/GpsLocationProvider( 1753): GpsParamsResource: NTP_SERVER=north-america.pool.ntp.org
D/GpsLocationProvider( 1753): GpsParamsResource: SUPL_VER=0x20000
D/GpsLocationProvider( 1753): GpsParamsResource: SUPL_MODE=1
D/GpsLocationProvider( 1753): GPS properties reloaded, size = 8
E/GpsLocationProvider( 1753): no AGPS interface in set_agps_server
E/GpsLocationProvider( 1753): no GPS configuration interface in configuraiton_update
D/GpsLocationProvider( 1753): final config = #Mon Dec 30 17:05:12 GMT+08:00 2019
D/GpsLocationProvider( 1753): SUPL_VER=0x20000
D/GpsLocationProvider( 1753): SUPL_HOST=supl.google.com
D/GpsLocationProvider( 1753): XTRA_SERVER_3=http\://xtra3.gpsonextra.net/xtra.bin
D/GpsLocationProvider( 1753): XTRA_SERVER_1=http\://xtra1.gpsonextra.net/xtra.bin
D/GpsLocationProvider( 1753): SUPL_PORT=7276
