D/GpsLocationProvider( 1753): XTRA_SERVER_2=http\://xtra2.gpsonextra.net/xtra.bin
D/GpsLocationProvider( 1753): NTP_SERVER=north-america.pool.ntp.org
D/GpsLocationProvider( 1753): SUPL_MODE=1
I/XLUtil  ( 2331): loadAndParseFile start
W/art     ( 2040): Verification of void com.vphone.launcher.service.CommonService.<init>() took 250.488ms
I/Telephony( 1983): PstnIncomingCallNotifier: Unregistering: Handler (com.android.internal.telephony.gsm.GSMPhone) {33608ce}
I/XLUtil  ( 2331): loadAndParseFile end
I/XLDownloadManager( 2331): Peerid:MDgxMTk2MDIxOTFDMDBYWQ==
I/XLDownloadManager( 2331): Guid:MzUyMjg0MDQzMDAxNjIxXzA4MTE5NjAyMTkxQw==
W/art     ( 2040): Verification of void com.vphone.launcher.service.CommonService.a(android.content.Intent, int) took 102.677ms
W/ContextImpl( 2040): Calling a method in the system process without a qualified user: android.app.ContextImpl.startService:1706 android.content.ContextWrapper.startService:516 com.vphone.launcher.Launcher.a:32690 com.vphone.launcher.Launcher$11.run:645 com.vphone.launcher.utils.ThreadUtil$a$1.run:68 
I/Choreographer( 1858): Skipped 444 frames!  The application may be doing too much work on its main thread.
I/Telephony( 1983): PstnIncomingCallNotifier: Registering: Handler (com.android.internal.telephony.gsm.GSMPhone) {33608ce}
D/ViewRootImpl( 1858): changeCanvasOpacity: opaque=true
I/Choreographer( 2040): Skipped 32 frames!  The application may be doing too much work on its main thread.
W/ActivityThread( 2040): ClassLoader.loadClass: The class loader returned by Thread.getContextClassLoader() may fail for processes that host multiple applications. You should explicitly specify a context class loader. For example: Thread.setContextClassLoader(getClass().getClassLoader());
W/WindowManager( 1753): Keyguard drawn timeout. Setting mKeyguardDrawComplete
W/art     ( 1753): Long monitor contention event with owner method=void com.android.server.wallpaper.WallpaperManagerService$WallpaperConnection.onServiceConnected(android.content.ComponentName, android.os.IBinder) from WallpaperManagerService.java:246 waiters=0 for 269ms
E/TelephonyProvider( 1983): Failed setting numeric '460070' to the current operator
E/TelephonyProvider( 1983): Failed setting numeric '460070' to the current operator
D/GpsLocationProvider( 1753): received SIM realted action: 
D/GpsLocationProvider( 1753): SIM MCC/MNC is available: 46007
D/GpsLocationProvider( 1753): Reset GPS properties, previous size = 8
D/GpsLocationProvider( 1753): GpsParamsResource: SUPL_HOST=supl.google.com
D/GpsLocationProvider( 1753): GpsParamsResource: SUPL_PORT=7275
D/GpsLocationProvider( 1753): GpsParamsResource: NTP_SERVER=north-america.pool.ntp.org
D/GpsLocationProvider( 1753): GpsParamsResource: SUPL_VER=0x20000
D/GpsLocationProvider( 1753): GpsParamsResource: SUPL_MODE=1
D/GpsLocationProvider( 1753): GPS properties reloaded, size = 8
E/GpsLocationProvider( 1753): no AGPS interface in set_agps_server
E/GpsLocationProvider( 1753): no GPS configuration interface in configuraiton_update
D/GpsLocationProvider( 1753): final config = #Mon Dec 30 17:05:13 GMT+08:00 2019
D/GpsLocationProvider( 1753): SUPL_VER=0x20000
D/GpsLocationProvider( 1753): SUPL_HOST=supl.google.com
D/GpsLocationProvider( 1753): XTRA_SERVER_3=http\://xtra3.gpsonextra.net/xtra.bin
D/GpsLocationProvider( 1753): XTRA_SERVER_1=http\://xtra1.gpsonextra.net/xtra.bin
D/GpsLocationProvider( 1753): SUPL_PORT=7276
D/GpsLocationProvider( 1753): XTRA_SERVER_2=http\://xtra2.gpsonextra.net/xtra.bin
D/GpsLocationProvider( 1753): NTP_SERVER=north-america.pool.ntp.org
D/GpsLocationProvider( 1753): SUPL_MODE=1
D/GpsLocationProvider( 1753): received SIM realted action: 
D/GpsLocationProvider( 1753): SIM MCC/MNC is available: 46007
D/GpsLocationProvider( 1753): Reset GPS properties, previous size = 8
D/GpsLocationProvider( 1753): GpsParamsResource: SUPL_HOST=supl.google.com
D/GpsLocationProvider( 1753): GpsParamsResource: SUPL_PORT=7275
D/GpsLocationProvider( 1753): GpsParamsResource: NTP_SERVER=north-america.pool.ntp.org
D/GpsLocationProvider( 1753): GpsParamsResource: SUPL_VER=0x20000
D/GpsLocationProvider( 1753): GpsParamsResource: SUPL_MODE=1
D/GpsLocationProvider( 1753): GPS properties reloaded, size = 8
E/GpsLocationProvider( 1753): no AGPS interface in set_agps_server
E/GpsLocationProvider( 1753): no GPS configuration interface in configuraiton_update
D/GpsLocationProvider( 1753): final config = #Mon Dec 30 17:05:13 GMT+08:00 2019
D/GpsLocationProvider( 1753): SUPL_VER=0x20000
D/GpsLocationProvider( 1753): SUPL_HOST=supl.google.com
D/GpsLocationProvider( 1753): XTRA_SERVER_3=http\://xtra3.gpsonextra.net/xtra.bin
D/GpsLocationProvider( 1753): XTRA_SERVER_1=http\://xtra1.gpsonextra.net/xtra.bin
D/GpsLocationProvider( 1753): SUPL_PORT=7276
D/GpsLocationProvider( 1753): XTRA_SERVER_2=http\://xtra2.gpsonextra.net/xtra.bin
D/GpsLocationProvider( 1753): NTP_SERVER=north-america.pool.ntp.org
D/GpsLocationProvider( 1753): SUPL_MODE=1
I/Telephony( 1983): PstnIncomingCallNotifier: Unregistering: Handler (com.android.internal.telephony.gsm.GSMPhone) {33608ce}
D/GpsLocationProvider( 1753): received SIM realted action: 
D/GpsLocationProvider( 1753): SIM MCC/MNC is available: 46007
D/GpsLocationProvider( 1753): Reset GPS properties, previous size = 8
D/GpsLocationProvider( 1753): GpsParamsResource: SUPL_HOST=supl.google.com
D/GpsLocationProvider( 1753): GpsParamsResource: SUPL_PORT=7275
D/GpsLocationProvider( 1753): GpsParamsResource: NTP_SERVER=north-america.pool.ntp.org
D/GpsLocationProvider( 1753): GpsParamsResource: SUPL_VER=0x20000
D/GpsLocationProvider( 1753): GpsParamsResource: SUPL_MODE=1
D/GpsLocationProvider( 1753): GPS properties reloaded, size = 8
E/GpsLocationProvider( 1753): no AGPS interface in set_agps_server
E/GpsLocationProvider( 1753): no GPS configuration interface in configuraiton_update
D/GpsLocationProvider( 1753): final config = #Mon Dec 30 17:05:13 GMT+08:00 2019
D/GpsLocationProvider( 1753): SUPL_VER=0x20000
D/GpsLocationProvider( 1753): SUPL_HOST=supl.google.com
D/GpsLocationProvider( 1753): XTRA_SERVER_3=http\://xtra3.gpsonextra.net/xtra.bin
D/GpsLocationProvider( 1753): XTRA_SERVER_1=http\://xtra1.gpsonextra.net/xtra.bin
D/GpsLocationProvider( 1753): SUPL_PORT=7276
D/GpsLocationProvider( 1753): XTRA_SERVER_2=http\://xtra2.gpsonextra.net/xtra.bin
D/GpsLocationProvider( 1753): NTP_SERVER=north-america.pool.ntp.org
D/GpsLocationProvider( 1753): SUPL_MODE=1
I/Telephony( 1983): PstnIncomingCallNotifier: Registering: Handler (com.android.internal.telephony.gsm.GSMPhone) {33608ce}
D/GpsLocationProvider( 1753): received SIM realted action: 
D/GpsLocationProvider( 1753): SIM MCC/MNC is available: 46007
D/GpsLocationProvider( 1753): Reset GPS properties, previous size = 8
D/GpsLocationProvider( 1753): GpsParamsResource: SUPL_HOST=supl.google.com
D/GpsLocationProvider( 1753): GpsParamsResource: SUPL_PORT=7275
D/GpsLocationProvider( 1753): GpsParamsResource: NTP_SERVER=north-america.pool.ntp.org
D/GpsLocationProvider( 1753): GpsParamsResource: SUPL_VER=0x20000
D/GpsLocationProvider( 1753): GpsParamsResource: SUPL_MODE=1
D/GpsLocationProvider( 1753): GPS properties reloaded, size = 8
E/GpsLocationProvider( 1753): no AGPS interface in set_agps_server
E/GpsLocationProvider( 1753): no GPS configuration interface in configuraiton_update
D/GpsLocationProvider( 1753): final config = #Mon Dec 30 17:05:13 GMT+08:00 2019
D/GpsLocationProvider( 1753): SUPL_VER=0x20000
D/GpsLocationProvider( 1753): SUPL_HOST=supl.google.com
D/GpsLocationProvider( 1753): XTRA_SERVER_3=http\://xtra3.gpsonextra.net/xtra.bin
D/GpsLocationProvider( 1753): XTRA_SERVER_1=http\://xtra1.gpsonextra.net/xtra.bin
D/GpsLocationProvider( 1753): SUPL_PORT=7276
D/GpsLocationProvider( 1753): XTRA_SERVER_2=http\://xtra2.gpsonextra.net/xtra.bin
D/GpsLocationProvider( 1753): NTP_SERVER=north-america.pool.ntp.org
D/GpsLocationProvider( 1753): SUPL_MODE=1
I/Telephony( 1983): PstnIncomingCallNotifier: Unregistering: Handler (com.android.internal.telephony.gsm.GSMPhone) {33608ce}
I/Telephony( 1983): PstnIncomingCallNotifier: Registering: Handler (com.android.internal.telephony.gsm.GSMPhone) {33608ce}
I/OpenGLRenderer( 1858): Initialized EGL, version 1.4
D/        ( 1858): HostConnection::get() New Host Connection established 0xb3f5ea60, tid 2358
I/OpenGLRenderer( 2040): Initialized EGL, version 1.4
I/Telephony( 1983): PstnIncomingCallNotifier: Unregistering: Handler (com.android.internal.telephony.gsm.GSMPhone) {33608ce}
I/Telephony( 1983): PstnIncomingCallNotifier: Registering: Handler (com.android.internal.telephony.gsm.GSMPhone) {33608ce}
I/XLDownloadManager( 2331): doMonitorNetworkChange()
I/Telephony( 1983): PstnIncomingCallNotifier: Unregistering: Handler (com.android.internal.telephony.gsm.GSMPhone) {33608ce}
D/        ( 2040): HostConnection::get() New Host Connection established 0xaec29770, tid 2359
D/OpenGLRenderer( 1858): Enabling debug mode 0
D/OpenGLRenderer( 2040): Enabling debug mode 0
D/        ( 1447): HostConnection::get() New Host Connection established 0xb602d290, tid 2067
I/XLDownloadManager( 2331): register Receiver
I/Telephony( 1983): PstnIncomingCallNotifier: Registering: Handler (com.android.internal.telephony.gsm.GSMPhone) {33608ce}
I/NotificationMgr( 1983): updateMwi(): subId 2 update to false
V/KeyguardUpdateMonitor( 1858): action android.intent.action.SIM_STATE_CHANGED state: NOT_READY slotId: 0 subid: -2
I/ActivityManager( 1753): Displayed com.vphone.launcher/.Launcher: +12s18ms
W/WindowManager( 1753): Attempted to add wallpaper window with unknown token android.os.Binder@23ea5855.  Aborting.
W/WallpaperService( 1858): Failed to add window while updating wallpaper surface.
W/linker  ( 2040): libwebviewchromium.so: unused DT entry: type 0x6ffffef5 arg 0x4ae8
W/linker  ( 2040): libwebviewchromium.so: unused DT entry: type 0x6ffffffe arg 0x4a88
W/linker  ( 2040): libwebviewchromium.so: unused DT entry: type 0x6fffffff arg 0x3
I/WebViewFactory( 2040): Loading com.google.android.webview version 74.0.3729.136 (code 372913610)
W/WindowManager( 1753): Attempted to add wallpaper window with unknown token android.os.Binder@374df60e.  Aborting.
W/WallpaperService( 1858): Failed to add window while updating wallpaper surface.
V/KeyguardUpdateMonitor( 1858): action android.intent.action.SIM_STATE_CHANGED state: READY slotId: 0 subid: -2
V/KeyguardUpdateMonitor( 1858): action android.intent.action.SIM_STATE_CHANGED state: IMSI slotId: 0 subid: -2
D/WifiService( 1753): New client listening to asynchronous messages
D/AndroidRuntime( 2385): >>>>>> START com.android.internal.os.RuntimeInit uid 0 <<<<<<
V/KeyguardServiceDelegate( 1753): *** Keyguard connected (yay!)
I/cr_LibraryLoader( 2040): Time to load native libraries: 1 ms (timestamps 2585-2586)
W/art     ( 2331): Verification of void com.sensorsdata.analytics.android.sdk.util.SensorsDataUtils.cleanUserAgent(android.content.Context) took 152.834ms
W/WindowManager( 1753): Window freeze timeout expired.
W/WindowManager( 1753): Force clearing orientation change: Window{17d13c71 u0 StatusBar}
W/ContextImpl( 2040): Calling a method in the system process without a qualified user: android.app.ContextImpl.bindService:1770 android.content.ContextWrapper.bindService:539 android.content.ContextWrapper.bindService:539 Ca.run:26 java.lang.Thread.run:818 
I/ActivityManager( 1753): Start proc 2392:com.google.android.webview:webview_service/u0a29 for service com.google.android.webview/org.chromium.android_webview.services.VariationsSeedServer
I/LoadedApk( 2392): No resource references to update in package com.google.android.webview
D/WifiService( 1753): New client listening to asynchronous messages
I/art     ( 1753): Explicit concurrent mark sweep GC freed 9040(1036KB) AllocSpace objects, 18(288KB) LOS objects, 33% free, 9MB/14MB, paused 592us total 68.517ms
I/chromium( 2040): [INFO:library_loader_hooks.cc(50)] Chromium logging enabled: level = 0, default verbosity = 0
I/cr_LibraryLoader( 2040): Expected native library version number "74.0.3729.136", actual native library version number "74.0.3729.136"
I/art     ( 1858): Background partial concurrent mark sweep GC freed 1945(162KB) AllocSpace objects, 2(12MB) LOS objects, 39% free, 13MB/21MB, paused 5.591ms total 57.682ms
I/cr_BrowserStartup( 2040): Initializing chromium process, singleProcess=true
W/ActivityThread( 2331): ClassLoader.loadClass: The class loader returned by Thread.getContextClassLoader() may fail for processes that host multiple applications. You should explicitly specify a context class loader. For example: Thread.setContextClassLoader(getClass().getClassLoader());
D/AndroidRuntime( 2385): CheckJNI is OFF
I/Choreographer( 1858): Skipped 199 frames!  The application may be doing too much work on its main thread.
D/OpenGLRenderer( 1858): setting property extraRasterBucket to 0.95
D/OpenGLRenderer( 1858):     failed
D/OpenGLRenderer( 1858): setting property extraRasterBucket to 0.0
D/OpenGLRenderer( 1858):     failed
D/Volley  ( 2331): [1] DiskBasedCache.clear: Cache cleared.
W/art     ( 2331): Long monitor contention event with owner method=java.lang.String[] java.io.File.listImpl(java.lang.String) from File.java:4294967294 waiters=0 for 605ms
W/ContextImpl( 2331): Calling a method in the system process without a qualified user: android.app.ContextImpl.startService:1706 android.content.ContextWrapper.startService:516 com.bignox.app.store.hd.StoreApplication.onCreate:97 android.app.Instrumentation.callApplicationOnCreate:1012 android.app.ActivityThread.handleBindApplication:4592 
W/        ( 2385): Failed to bind-mount /system/lib/x86/cpuinfo as /proc/cpuinfo: No such file or directory
E/        ( 2385): Cannot create code cache directory ./code_cache: Read-only file system.
E/memtrack( 2385): Couldn't load memtrack module (No such file or directory)
E/android.os.Debug( 2385): failed to load memtrack module: -2
I/HttpDnsSDK( 2331): HttpDnsThreadFactory create a new thread, name: Thread-69
I/HttpDnsSDK( 2331): HttpDnsThreadFactory create a new thread, name: Thread-70
I/HttpDnsSDK( 2331): HttpDnsThreadFactory create a new thread, name: Thread-71
W/ContextImpl( 2331): Calling a method in the system process without a qualified user: android.app.ContextImpl.startService:1706 android.content.ContextWrapper.startService:516 android.content.ContextWrapper.startService:516 com.bignox.app.store.hd.providers.downloads.DownloadReceiver.startService:188 com.bignox.app.store.hd.providers.downloads.DownloadReceiver.onReceive:53 
D/XLDownloadManager( 2331): NetworkChangeHandlerThread nettype=9
I/SurfaceFlinger( 1447): Boot is finished (48031 ms)
V/KeyguardUpdateMonitor( 1858): action android.intent.action.SIM_STATE_CHANGED state: LOADED slotId: 0 subid: 2
D/HttpDnsSDK( 2331): 69 - VMStack.java:-2 - [getThreadStackTrace] - resolve host: res.yeshen.com, return: {"host":"res.yeshen.com","ips":["61.163.171.35","222.138.8.35"],"ttl":24,"origin_ttl":60}
D/HttpDnsSDK( 2331): 70 - VMStack.java:-2 - [getThreadStackTrace] - resolve host: ressrc.yeshen.com, return: {"host":"ressrc.yeshen.com","ips":["60.205.13.186"],"ttl":159,"origin_ttl":600}
D/HttpDnsSDK( 2331): 71 - VMStack.java:-2 - [getThreadStackTrace] - resolve host: res.src.yeshen.com, return: {"host":"res.src.yeshen.com","ips":[],"ttl":300}
D/KeyguardUpdateMonitor( 1858): handleSimStateChange(subId=-2, slotId=0, state=UNKNOWN)
W/KeyguardUpdateMonitor( 1858): invalid subId in handleSimStateChange()
W/WindowManager( 1753): Attempted to add wallpaper window with unknown token android.os.Binder@23ea5855.  Aborting.
W/WallpaperService( 1858): Failed to add window while updating wallpaper surface.
V/KeyguardUpdateMonitor( 1858): onSubscriptionInfoChanged()
V/KeyguardUpdateMonitor( 1858): SubInfo:{id=2, iccId=89860081010811960219 simSlotIndex=0 displayName=Android carrierName=Android nameSource=0 iconTint=-16746133 dataRoaming=0 iconBitmap=android.graphics.Bitmap@3bf3dbd0 mcc 460 mnc 70}
D/KeyguardViewMediator( 1858): onSimStateChanged(subId=2, slotId=0,state=READY)
W/WindowManager( 1753): Attempted to add wallpaper window with unknown token android.os.Binder@374df60e.  Aborting.
W/WallpaperService( 1858): Failed to add window while updating wallpaper surface.
V/KeyguardUpdateMonitor( 1858): onSubscriptionInfoChanged()
V/KeyguardUpdateMonitor( 1858): SubInfo:{id=2, iccId=89860081010811960219 simSlotIndex=0 displayName=Android carrierName=Android nameSource=0 iconTint=-16746133 dataRoaming=0 iconBitmap=android.graphics.Bitmap@26ae27c9 mcc 460 mnc 70}
D/KeyguardUpdateMonitor( 1858): handleSimStateChange(subId=-2, slotId=0, state=READY)
W/KeyguardUpdateMonitor( 1858): invalid subId in handleSimStateChange()
D/KeyguardUpdateMonitor( 1858): handleSimStateChange(subId=-2, slotId=0, state=READY)
W/KeyguardUpdateMonitor( 1858): invalid subId in handleSimStateChange()
V/KeyguardUpdateMonitor( 1858): onSubscriptionInfoChanged()
V/KeyguardUpdateMonitor( 1858): SubInfo:{id=2, iccId=89860081010811960219 simSlotIndex=0 displayName=Android carrierName=Android nameSource=0 iconTint=-16746133 dataRoaming=0 iconBitmap=android.graphics.Bitmap@346b51ef mcc 460 mnc 70}
V/KeyguardUpdateMonitor( 1858): onSubscriptionInfoChanged()
V/KeyguardUpdateMonitor( 1858): SubInfo:{id=2, iccId=89860081010811960219 simSlotIndex=0 displayName=Android carrierName=Android nameSource=0 iconTint=-16746133 dataRoaming=0 iconBitmap=android.graphics.Bitmap@1282e4fc mcc 460 mnc 70}
D/XLDownloadManager( 2331): NetworkChangeHandlerThread bssid=01:80:c2:00:00:03
D/AndroidRuntime( 2385): Calling main entry com.android.commands.am.Am
I/Choreographer( 1858): Skipped 78 frames!  The application may be doing too much work on its main thread.
E/installd( 1458): Unable to unlink boot marker at /data/dalvik-cache/arm/.booting, error=No such file or directory
E/ActivityManager( 1753): Unable to mark boot complete for abi: armeabi-v7a
I/SystemServiceManager( 1753): Starting phase 1000
V/KeyguardUpdateMonitor( 1858): onSubscriptionInfoChanged()
V/KeyguardUpdateMonitor( 1858): SubInfo:{id=2, iccId=89860081010811960219 simSlotIndex=0 displayName=Android carrierName=Android nameSource=0 iconTint=-16746133 dataRoaming=0 iconBitmap=android.graphics.Bitmap@1a687785 mcc 460 mnc 70}
V/KeyguardUpdateMonitor( 1858): onSubscriptionInfoChanged()
V/KeyguardUpdateMonitor( 1858): SubInfo:{id=2, iccId=89860081010811960219 simSlotIndex=0 displayName=Android carrierName=Android nameSource=0 iconTint=-16746133 dataRoaming=0 iconBitmap=android.graphics.Bitmap@8c399da mcc 460 mnc 70}
D/KeyguardUpdateMonitor( 1858): handleSimStateChange(subId=2, slotId=0, state=READY)
V/KeyguardUpdateMonitor( 1858): onSubscriptionInfoChanged()
V/KeyguardUpdateMonitor( 1858): SubInfo:{id=2, iccId=89860081010811960219 simSlotIndex=0 displayName=Android carrierName=Android nameSource=0 iconTint=-16746133 dataRoaming=0 iconBitmap=android.graphics.Bitmap@2cc51e0b mcc 460 mnc 70}
V/KeyguardServiceDelegate( 1753): **** SHOWN CALLED ****
D/PhoneStatusBar( 1858): disable: < expand* icons alerts system_info back* home* recent* clock search* >
I/Choreographer( 1753): Skipped 34 frames!  The application may be doing too much work on its main thread.
D/HttpDnsSDK( 2331): 68 - VMStack.java:-2 - [getThreadStackTrace] - stat: XgF6eSlLwhMDALXwZ7VKZ5JS
D/HttpDnsSDK( 2331): 68 - VMStack.java:-2 - [getThreadStackTrace] - get MAN response: {"t":1577696721108,"ret":"E0102","success":"fail"}
D/        ( 1753): HostConnection::get() New Host Connection established 0xa18db2e0, tid 1776
D/Event   ( 2331): No subscribers registered for event class com.bignox.app.store.hd.model.Game
D/Event   ( 2331): No subscribers registered for event class de.greenrobot.event.NoSubscriberEvent
D/Event   ( 2331): No subscribers registered for event class com.bignox.app.store.hd.model.Game
D/Event   ( 2331): No subscribers registered for event class de.greenrobot.event.NoSubscriberEvent
I/com.bignox.app.store.hd.repositories.AppRepository( 2331): delete app by package url :com.bignox.app.store.hd
D/Event   ( 2331): No subscribers registered for event class com.bignox.app.store.hd.model.Game
D/Event   ( 2331): No subscribers registered for event class de.greenrobot.event.NoSubscriberEvent
D/Event   ( 2331): No subscribers registered for event class com.bignox.app.store.hd.model.Game
D/Event   ( 2331): No subscribers registered for event class de.greenrobot.event.NoSubscriberEvent
D/Event   ( 2331): No subscribers registered for event class com.bignox.app.store.hd.providers.downloads.CountEvent
D/Event   ( 2331): No subscribers registered for event class de.greenrobot.event.NoSubscriberEvent
D/Event   ( 2331): No subscribers registered for event class com.bignox.app.store.hd.model.Game
D/Event   ( 2331): No subscribers registered for event class de.greenrobot.event.NoSubscriberEvent
D/Event   ( 2331): No subscribers registered for event class com.bignox.app.store.hd.providers.downloads.CountEvent
D/Event   ( 2331): No subscribers registered for event class de.greenrobot.event.NoSubscriberEvent
W/ContextImpl( 2331): Calling a method in the system process without a qualified user: android.app.ContextImpl.sendBroadcast:1327 android.content.ContextWrapper.sendBroadcast:377 com.bignox.app.store.hd.asynctask.InitPackageMapTask.onPostExecute:284 com.bignox.app.store.hd.asynctask.InitPackageMapTask.onPostExecute:32 android.os.AsyncTask.finish:636 
D/Event   ( 2331): No subscribers registered for event class com.bignox.app.store.hd.providers.downloads.CountEvent
D/Event   ( 2331): No subscribers registered for event class de.greenrobot.event.NoSubscriberEvent
D/WIFI    ( 1753): Registering NetworkFactory
D/WIFI_UT ( 1753): Registering NetworkFactory
D/ConnectivityService( 1753): Got NetworkFactory Messenger for WIFI
D/ConnectivityService( 1753): Got NetworkFactory Messenger for WIFI_UT
E/WifiConfigStore( 1753):  rewrite network history for "WiredSSID"NONE
D/WIFI    ( 1753): got request NetworkRequest [ id=1, legacyType=-1, [ Capabilities: INTERNET&NOT_RESTRICTED&TRUSTED&NOT_VPN] ] with score 60
D/WIFI_UT ( 1753): got request NetworkRequest [ id=1, legacyType=-1, [ Capabilities: INTERNET&NOT_RESTRICTED&TRUSTED&NOT_VPN] ] with score 60
I/ActivityManager( 1753): Waited long enough for: ServiceRecord{9760e76 u0 com.bignox.app.store.hd/.services.StoreService}
D/ConnectivityService( 1753): listenForNetwork for NetworkRequest [ id=3, legacyType=-1, [ Capabilities: INTERNET&NOT_RESTRICTED&TRUSTED] ]
D/ConnectivityService( 1753): handleRegisterNetworkRequest checking NetworkAgentInfo [WIFI () - 100]
D/ConnectivityService( 1753): apparently satisfied.  currentScore=60
D/ConnectivityManager.CallbackHandler( 2040): CM callback handler got msg 524290
I/Choreographer( 2040): Skipped 1233 frames!  The application may be doing too much work on its main thread.
W/ContextImpl( 2040): Calling a method in the system process without a qualified user: android.app.ContextImpl.startService:1706 android.content.ContextWrapper.startService:516 android.content.ContextWrapper.startService:516 com.vphone.launcher.providers.downloads.DownloadReceiver.a:188 com.vphone.launcher.providers.downloads.DownloadReceiver.onReceive:53 
I/Choreographer( 2040): Skipped 33 frames!  The application may be doing too much work on its main thread.
D/SIP     ( 1983): [SipSharedPreferences] isReceivingCallsEnabled, option not set; use default value, exception: android.provider.Settings$SettingNotFoundException: sip_receive_calls
W/ContextImpl( 2040): Calling a method in the system process without a qualified user: android.app.ContextImpl.sendBroadcast:1327 android.content.ContextWrapper.sendBroadcast:377 com.vphone.launcher.Hotseat$23.onResponse:1768 com.vphone.launcher.network.GsonRequest.deliverResponse:52 com.android.volley.ExecutorDelivery$a.run:99 
I/art     ( 1461): Background concurrent mark sweep GC freed 791(33KB) AllocSpace objects, 0(0B) LOS objects, 39% free, 4MB/6MB, paused 319us total 102.058ms
I/ActivityManager( 1753): Start proc 2544:com.android.settings/1000 for broadcast com.android.settings/.cyanogenmod.superuser.SuReceiver
E/libEGL  ( 2040): call to OpenGL ES API with no current context (logged once per thread)
I/cr_VariationsSeedFetch( 2392): Fetched first run seed in 723 ms
W/DebugConnManager( 2040): getNetworkInfo() on networkType 1
D/AlarmManagerService( 1753): Kernel timezone updated to -480 minutes west of GMT
I/RecoverySystem( 1753): No recovery log file
I/BootReceiver( 1753): Copying audit failures to DropBox
I/BootReceiver( 1753): Checking for fsck errors
D/AndroidRuntime( 2264): Shutting down VM
D/AndroidRuntime( 2385): Shutting down VM
W/art     ( 1753): Long monitor contention event with owner method=void com.android.server.am.BroadcastQueue.processNextBroadcast(boolean) from BroadcastQueue.java:542 waiters=0 for 168ms
I/ActivityManager( 1753): Start proc 2566:com.android.keychain/1000 for service com.android.keychain/.KeyChainService
V/OtaStartupReceiver( 1983): onOtaspChanged: mOtaspMode=3
I/ActivityManager( 1753): Start proc 2581:com.android.providers.calendar/u0a1 for broadcast com.android.providers.calendar/.CalendarReceiver
I/art     ( 2040): Background sticky concurrent mark sweep GC freed 286994(12MB) AllocSpace objects, 23(762KB) LOS objects, 20% free, 31MB/39MB, paused 1.435ms total 360.363ms
W/ResourcesManager( 2581): Asset path '/system/framework/android.test.runner.jar' does not exist or contains no resources.
I/CalendarProvider2( 2581): Created com.android.providers.calendar.CalendarAlarmManager@2f19563c(com.android.providers.calendar.CalendarProvider2@34782fc5)
I/ActivityManager( 1753): Start proc 2641:com.android.managedprovisioning/u0a6 for broadcast com.android.managedprovisioning/.BootReminder
I/ActivityManager( 1753): Start proc 2660:com.android.onetimeinitializer/u0a7 for broadcast com.android.onetimeinitializer/.OneTimeInitializerReceiver
V/OneTimeInitializerRece( 2660): OneTimeInitializerReceiver.onReceive
W/art     ( 1753): Long monitor contention event with owner method=int com.android.server.am.ActivityManagerService.broadcastIntent(android.app.IApplicationThread, android.content.Intent, java.lang.String, android.content.IIntentReceiver, int, java.lang.String, android.os.Bundle, java.lang.String, int, boolean, boolean, int) from ActivityManagerService.java:16390 waiters=0 for 176ms
W/ContextImpl( 2331): Calling a method in the system process without a qualified user: android.app.ContextImpl.startService:1706 android.content.ContextWrapper.startService:516 android.content.ContextWrapper.startService:516 com.bignox.app.store.hd.providers.downloads.DownloadReceiver.startService:188 com.bignox.app.store.hd.providers.downloads.DownloadReceiver.onReceive:48 
W/ContextImpl( 2040): Calling a method in the system process without a qualified user: android.app.ContextImpl.startService:1706 android.content.ContextWrapper.startService:516 android.content.ContextWrapper.startService:516 com.vphone.launcher.providers.downloads.DownloadReceiver.a:188 com.vphone.launcher.providers.downloads.DownloadReceiver.onReceive:48 
D/AndroidRuntime( 2636): >>>>>> START com.android.internal.os.RuntimeInit uid 0 <<<<<<
I/art     ( 1753): Explicit concurrent mark sweep GC freed 13717(715KB) AllocSpace objects, 2(32KB) LOS objects, 33% free, 9MB/14MB, paused 1.320ms total 335.794ms
I/CalendarProvider2( 2581): Sending notification intent: Intent { act=android.intent.action.PROVIDER_CHANGED dat=content://com.android.calendar }
W/ContentResolver( 2581): Failed to get type for: content://com.android.calendar (Unknown URL content://com.android.calendar)
D/Event   ( 2331): No subscribers registered for event class com.bignox.app.store.hd.providers.downloads.CountEvent
D/Event   ( 2331): No subscribers registered for event class de.greenrobot.event.NoSubscriberEvent
I/art     ( 2040): Background sticky concurrent mark sweep GC freed 32599(1723KB) AllocSpace objects, 8(2MB) LOS objects, 10% free, 35MB/39MB, paused 19.287ms total 64.877ms
E/SQLiteLog( 2224): (283) recovered 85 frames from WAL file /data/data/com.android.providers.media/databases/internal.db-wal
I/art     ( 2040): Background sticky concurrent mark sweep GC freed 149(13KB) AllocSpace objects, 6(3MB) LOS objects, 0% free, 40MB/40MB, paused 5.420ms total 126.065ms
I/art     ( 2040): Background partial concurrent mark sweep GC freed 8708(463KB) AllocSpace objects, 20(28MB) LOS objects, 40% free, 12MB/21MB, paused 1.604ms total 142.531ms
W/MediaScanner( 2224): Error opening directory '/oem/media/', skipping: No such file or directory.
D/AndroidRuntime( 2636): CheckJNI is OFF
W/        ( 2636): Failed to bind-mount /system/lib/x86/cpuinfo as /proc/cpuinfo: No such file or directory
E/        ( 2636): Cannot create code cache directory ./code_cache: Read-only file system.
E/memtrack( 2636): Couldn't load memtrack module (No such file or directory)
E/android.os.Debug( 2636): failed to load memtrack module: -2
D/MediaProvider( 2224): object removed 93
D/MediaProvider( 2224): object removed 94
D/MediaProvider( 2224): object removed 95
D/AndroidRuntime( 2636): Calling main entry com.android.commands.settings.SettingsCmd
D/AndroidRuntime( 2636): Shutting down VM
W/art     ( 2636): No such thread id for suspend: 9
D/AndroidRuntime( 2771): >>>>>> START com.android.internal.os.RuntimeInit uid 0 <<<<<<
D/AndroidRuntime( 2771): CheckJNI is OFF
W/        ( 2771): Failed to bind-mount /system/lib/x86/cpuinfo as /proc/cpuinfo: No such file or directory
E/        ( 2771): Cannot create code cache directory ./code_cache: Read-only file system.
E/memtrack( 2771): Couldn't load memtrack module (No such file or directory)
E/android.os.Debug( 2771): failed to load memtrack module: -2
D/AndroidRuntime( 2771): Calling main entry com.android.commands.settings.SettingsCmd
D/AndroidRuntime( 2771): Shutting down VM
E/SQLiteLog( 2581): (284) automatic index on view_events(_id)
W/DebugConnManager( 2040): getNetworkInfo() on networkType 1
W/System  ( 2040): Ignoring header Cookie because its value was null.
E/NOX     ( 1793): recv() error
D/NOX     ( 1793): Socket read error
