--------- beginning of main
D/        (    0): vbox_graph_mode=720x1280
I/installd(    0): installd firing up
I/Netd    (    0): Netd 1.0 starting
D/TetherController(    0): Setting IP forward enable = 0
E/Netd    (    0): Failed to open /proc/sys/net/ipv6/conf/default/accept_ra_rt_table: No such file or directory
E/Netd    (    0): Failed to open /proc/sys/net/ipv6/conf/eth1/accept_ra_rt_table: No such file or directory
E/Netd    (    0): Failed to open /proc/sys/net/ipv6/conf/ip6tnl0/accept_ra_rt_table: No such file or directory
E/Netd    (    0): Failed to open /proc/sys/net/ipv6/conf/lo/accept_ra_rt_table: No such file or directory
E/Netd    (    0): Failed to open /proc/sys/net/ipv6/conf/sit0/accept_ra_rt_table: No such file or directory
E/Netd    (    0): Failed to open /proc/sys/net/ipv6/conf/wlan0/accept_ra_rt_table: No such file or directory
I/        ( 1452): debuggerd: Jul 24 2019 01:33:06
--------- beginning of system
I/Vold    ( 1446): Vold 2.1 (the revenge) firing up
D/Vold    ( 1446): Volume sdcard state changing -1 (Initializing) -> 0 (No-Media)
I/lowmemorykiller( 1444): Using in-kernel low memory killer interface
I/SurfaceFlinger( 1447): SurfaceFlinger is starting
I/SurfaceFlinger( 1447): SurfaceFlinger's main thread ready to run. Initializing graphics H/W...
I/keystore( 1459): SELinux: Keystore SELinux is disabled.
D/libEGL  ( 1447): loaded /system/lib/egl/libEGL_adreno.so
D/        ( 1447): HostConnection::get() New Host Connection established 0xb683a140, tid 1447
D/libEGL  ( 1447): loaded /system/lib/egl/libGLESv1_CM_adreno.so
D/libEGL  ( 1447): loaded /system/lib/egl/libGLESv2_adreno.so
V/NatController( 1451): runCmd(/system/bin/iptables -F natctrl_FORWARD) res=0
V/NatController( 1451): runCmd(/system/bin/iptables -A natctrl_FORWARD -j DROP) res=0
V/NatController( 1451): runCmd(/system/bin/iptables -t nat -F natctrl_nat_POSTROUTING) res=0
V/NatController( 1451): runCmd(/system/bin/iptables -F natctrl_tether_counters) res=1
V/NatController( 1451): runCmd(/system/bin/iptables -X natctrl_tether_counters) res=1
V/NatController( 1451): runCmd(/system/bin/iptables -N natctrl_tether_counters) res=0
V/NatController( 1451): runCmd(/system/bin/iptables -t mangle -A natctrl_mangle_FORWARD -p tcp --tcp-flags SYN SYN -j TCPMSS --clamp-mss-to-pmtu) res=0
E/SurfaceFlinger( 1447): hwcomposer module not found
W/SurfaceFlinger( 1447): no suitable EGLConfig found, trying a simpler query
I/SurfaceFlinger( 1447): EGL information:
I/SurfaceFlinger( 1447): vendor    : Android
I/SurfaceFlinger( 1447): version   : 1.4 Android META-EGL
I/SurfaceFlinger( 1447): extensions: EGL_KHR_get_all_proc_addresses EGL_ANDROID_presentation_time EGL_KHR_image_base EGL_KHR_gl_texture_2D_image EGL_KHR_fence_sync EGL_KHR_create_context EGL_ANDROID_image_native_buffer EGL_ANDROID_recordable 
I/SurfaceFlinger( 1447): Client API: OpenGL_ES
I/SurfaceFlinger( 1447): EGLSurface: 8-8-8-8, config=0x8
I/mediaserver( 1457): ServiceManager: 0xb5826620
I/AudioFlinger( 1457): Using default 3000 mSec as standby time.
I/ServiceManager( 1457): Waiting for service batterystats...
I/SurfaceFlinger( 1447): OpenGL ES informations:
I/SurfaceFlinger( 1447): vendor    : Qualcomm
I/SurfaceFlinger( 1447): renderer  : Adreno (TM) 540
I/SurfaceFlinger( 1447): version   : OpenGL ES 3.1
I/SurfaceFlinger( 1447): extensions: GL_EXT_debug_marker GL_OES_EGL_image GL_OES_EGL_image_external GL_OES_depth24 GL_OES_depth32 GL_OES_element_index_uint GL_OES_texture_float GL_OES_texture_float_linear GL_OES_compressed_paletted_texture GL_OES_compressed_ETC1_RGB8_texture GL_OES_depth_texture GL_EXT_texture_format_BGRA8888 GL_APPLE_texture_format_BGRA8888 GL_OES_texture_half_float GL_EXT_robustness GL_OES_texture_half_float_linear GL_OES_packed_depth_stencil GL_OES_vertex_half_float GL_OES_texture_npot GL_OES_rgb8_rgba8 GL_EXT_color_buffer_float ANDROID_gles_max_version_3_1 GL_OES_vertex_array_object
I/SurfaceFlinger( 1447): GL_MAX_TEXTURE_SIZE = 8192
I/SurfaceFlinger( 1447): GL_MAX_VIEWPORT_DIMS = 8192
I/iptables( 1451): iptables: Invalid argument. Run `dmesg' for more information.
I/iptables( 1451): iptables terminated by exit(1)
E/BandwidthController( 1451): runIptablesCmd(): res=1 status=256 failed /system/bin/iptables -A bw_INPUT -m owner --socket-exists
I/ip6tables( 1451): ip6tables: Invalid argument. Run `dmesg' for more information.
I/ip6tables( 1451): ip6tables terminated by exit(1)
E/BandwidthController( 1451): runIptablesCmd(): res=1 status=256 failed /system/bin/ip6tables -A bw_INPUT -m owner --socket-exists
D/SurfaceFlinger( 1447): setOrientation, mFbdev=0xb685f3c0, mFbDev->setOrientation=0xb64aa060, orientation=0
I/gralloc_nox( 1447): setOrientation: orientation=0
D/SurfaceFlinger( 1447): Set power mode=2, type=0 flinger=0xb685d000
E/Netd    ( 1451): cannot find interface dummy0
E/Netd    ( 1451): Unable to create netlink socket: Protocol not supported
E/Netd    ( 1451): Unable to open quota2 logging socket
D/MDnsDS  ( 1451): MDnsSdListener::Hander starting up
D/MDnsDS  ( 1451): MDnsSdListener starting to monitor
D/MDnsDS  ( 1451): Going to poll with pollCount 1
D/SurfaceFlinger( 1447): shader cache generated - 24 shaders in 316.007629 ms
I/ServiceManager( 1457): Waiting for service batterystats...
D/libEGL  ( 1725): loaded /system/lib/egl/libEGL_adreno.so
D/        ( 1725): HostConnection::get() New Host Connection established 0xb58270d0, tid 1741
D/libEGL  ( 1725): loaded /system/lib/egl/libGLESv1_CM_adreno.so
D/libEGL  ( 1725): loaded /system/lib/egl/libGLESv2_adreno.so
D/        ( 1447): HostConnection::get() New Host Connection established 0xb683a9e0, tid 1517
D/        ( 1447): HostConnection::get() New Host Connection established 0xb602d100, tid 1515
D/AndroidRuntime( 1461): >>>>>> START com.android.internal.os.ZygoteInit uid 0 <<<<<<
I/ServiceManager( 1457): Waiting for service batterystats...
D/AndroidRuntime( 1461): CheckJNI is OFF
I/art     ( 1461): option[0]=-Xzygote
I/art     ( 1461): option[1]=-Xstacktracefile:/data/anr/traces.txt
I/art     ( 1461): option[2]=exit
I/art     ( 1461): option[3]=vfprintf
I/art     ( 1461): option[4]=sensitiveThread
I/art     ( 1461): option[5]=-verbose:gc
I/art     ( 1461): option[6]=-Xms16m
I/art     ( 1461): option[7]=-Xmx256m
I/art     ( 1461): option[8]=-XX:mainThreadStackSize=24K
I/art     ( 1461): option[9]=-XX:HeapGrowthLimit=192m
I/art     ( 1461): option[10]=-XX:HeapMinFree=512k
I/art     ( 1461): option[11]=-XX:HeapMaxFree=8m
I/art     ( 1461): option[12]=-XX:HeapTargetUtilization=0.75
I/art     ( 1461): option[13]=-Xgenregmap
I/art     ( 1461): option[14]=-Xgc:precise
I/art     ( 1461): option[15]=-agentlib:jdwp=transport=dt_android_adb,suspend=n,server=y
I/art     ( 1461): option[16]=-Xlockprofthreshold:500
I/art     ( 1461): option[17]=-Ximage-compiler-option
I/art     ( 1461): option[18]=--runtime-arg
I/art     ( 1461): option[19]=-Ximage-compiler-option
I/art     ( 1461): option[20]=-Xms64m
I/art     ( 1461): option[21]=-Ximage-compiler-option
I/art     ( 1461): option[22]=--runtime-arg
I/art     ( 1461): option[23]=-Ximage-compiler-option
I/art     ( 1461): option[24]=-Xmx64m
I/art     ( 1461): option[25]=-Ximage-compiler-option
I/art     ( 1461): option[26]=--image-classes=/system/etc/preloaded-classes
I/art     ( 1461): option[27]=-Xcompiler-option
I/art     ( 1461): option[28]=--runtime-arg
I/art     ( 1461): option[29]=-Xcompiler-option
I/art     ( 1461): option[30]=-Xms64m
I/art     ( 1461): option[31]=-Xcompiler-option
I/art     ( 1461): option[32]=--runtime-arg
I/art     ( 1461): option[33]=-Xcompiler-option
I/art     ( 1461): option[34]=-Xmx512m
I/art     ( 1461): option[35]=-Duser.language=zh
I/art     ( 1461): option[36]=-Duser.region=CN
I/art     ( 1461): option[37]=-XX:NativeBridge=libnb.so
I/ServiceManager( 1457): Waiting for service batterystats...
I/ServiceManager( 1457): Waiting for service batterystats...
I/CameraService( 1457): CameraService started (pid=1457)
E/CameraService( 1457): Could not load camera HAL module
I/AudioPolicyService( 1457): AudioPolicyService CSTOR in new mode
I/AudioPolicyManager( 1457): loadAudioPolicyConfig() loaded /system/etc/audio_policy.conf
I/AudioFlinger( 1457): loadHwModule() Loaded primary audio interface from NOX audio HW HAL (audio) handle 1
I/AudioFlinger( 1457): HAL output buffer size 880 frames, normal sink buffer size 1056 frames
I/AudioMixer( 1457): found effect "Multichannel Downmix To Stereo" from The Android Open Source Project
E/MonoPipe( 1457): Failed to fetch local time frequency when constructing a MonoPipe (res = -32).  getNextWriteTimestamp calls will be non-functional
E/memtrack( 1461): Couldn't load memtrack module (No such file or directory)
E/android.os.Debug( 1461): failed to load memtrack module: -2
I/SamplingProfilerIntegration( 1461): Profiling disabled.
D/Zygote  ( 1461): begin preload
I/Zygote  ( 1461): Preloading classes...
I/art     ( 1461): Explicit concurrent mark sweep GC freed 798(36KB) AllocSpace objects, 0(0B) LOS objects, 95% free, 44KB/1068KB, paused 221us total 23.490ms
I/art     ( 1461): Counter: 1
E/Minikin ( 1461): addFont failed to create font /system/fonts/NotoSansGujarati-Regular.ttf
E/Minikin ( 1461): addFont failed to create font /system/fonts/NotoSansGujarati-Bold.ttf
E/Minikin ( 1461): addFont failed to create font /system/fonts/NotoSansGujaratiUI-Regular.ttf
E/Minikin ( 1461): addFont failed to create font /system/fonts/NotoSansGujaratiUI-Bold.ttf
E/Minikin ( 1461): addFont failed to create font /system/fonts/NotoSansGurmukhi-Regular.ttf
E/Minikin ( 1461): addFont failed to create font /system/fonts/NotoSansGurmukhi-Bold.ttf
E/Minikin ( 1461): addFont failed to create font /system/fonts/NotoSansGurmukhiUI-Regular.ttf
E/Minikin ( 1461): addFont failed to create font /system/fonts/NotoSansGurmukhiUI-Bold.ttf
E/Minikin ( 1461): addFont failed to create font /system/fonts/NotoSansSinhala-Regular.ttf
E/Minikin ( 1461): addFont failed to create font /system/fonts/NotoSansSinhala-Bold.ttf
E/Minikin ( 1461): addFont failed to create font /system/fonts/NotoSansThaana-Regular.ttf
E/Minikin ( 1461): addFont failed to create font /system/fonts/NotoSansThaana-Bold.ttf
E/Minikin ( 1461): addFont failed to create font /system/fonts/NotoSansCham-Regular.ttf
E/Minikin ( 1461): addFont failed to create font /system/fonts/NotoSansCham-Bold.ttf
E/Minikin ( 1461): addFont failed to create font /system/fonts/NotoSansBalinese-Regular.ttf
E/Minikin ( 1461): addFont failed to create font /system/fonts/NotoSansBatak-Regular.ttf
E/Minikin ( 1461): addFont failed to create font /system/fonts/NotoSansBuginese-Regular.ttf
E/Minikin ( 1461): addFont failed to create font /system/fonts/NotoSansBuhid-Regular.ttf
E/Minikin ( 1461): addFont failed to create font /system/fonts/NotoSansCanadianAboriginal-Regular.ttf
E/Minikin ( 1461): addFont failed to create font /system/fonts/NotoSansCherokee-Regular.ttf
E/Minikin ( 1461): addFont failed to create font /system/fonts/NotoSansCoptic-Regular.ttf
E/Minikin ( 1461): addFont failed to create font /system/fonts/NotoSansGlagolitic-Regular.ttf
E/Minikin ( 1461): addFont failed to create font /system/fonts/NotoSansHanunoo-Regular.ttf
E/Minikin ( 1461): addFont failed to create font /system/fonts/NotoSansJavanese-Regular.ttf
E/Minikin ( 1461): addFont failed to create font /system/fonts/NotoSansKayahLi-Regular.ttf
E/Minikin ( 1461): addFont failed to create font /system/fonts/NotoSansLepcha-Regular.ttf
E/Minikin ( 1461): addFont failed to create font /system/fonts/NotoSansLimbu-Regular.ttf
E/Minikin ( 1461): addFont failed to create font /system/fonts/NotoSansMeeteiMayek-Regular.ttf
E/Minikin ( 1461): addFont failed to create font /system/fonts/NotoSansOlChiki-Regular.ttf
E/Minikin ( 1461): addFont failed to create font /system/fonts/NotoSansRejang-Regular.ttf
E/Minikin ( 1461): addFont failed to create font /system/fonts/NotoSansSaurashtra-Regular.ttf
E/Minikin ( 1461): addFont failed to create font /system/fonts/NotoSansSundanese-Regular.ttf
E/Minikin ( 1461): addFont failed to create font /system/fonts/NotoSansSylotiNagri-Regular.ttf
E/Minikin ( 1461): addFont failed to create font /system/fonts/NotoSansTagbanwa-Regular.ttf
E/Minikin ( 1461): addFont failed to create font /system/fonts/NotoSansTaiTham-Regular.ttf
E/Minikin ( 1461): addFont failed to create font /system/fonts/NotoSansTaiViet-Regular.ttf
E/Minikin ( 1461): addFont failed to create font /system/fonts/NotoSansTifinagh-Regular.ttf
E/Minikin ( 1461): addFont failed to create font /system/fonts/NotoSansYi-Regular.ttf
E/Minikin ( 1461): addFont failed to create font /system/fonts/Lohit-Odia.ttf
E/Minikin ( 1461): addFont failed to create font /system/fonts/NotoSansHans-Regular.otf
E/Minikin ( 1461): addFont failed to create font /system/fonts/NotoSansHant-Regular.otf
E/Minikin ( 1461): addFont failed to create font /system/fonts/NotoSansJP-Regular.otf
E/Minikin ( 1461): addFont failed to create font /system/fonts/NotoSansKR-Regular.otf
E/Minikin ( 1461): addFont failed to create font /system/fonts/NotoSansTaiLe-Regular.ttf
I/art     ( 1461): Thread[1,tid=1461,WaitingForJniOnLoad,Thread*=0xb3c27800,peer=0x12c31100,"main"] recursive attempt to load library "/system/lib/libmedia_jni.so"
D/MtpDeviceJNI( 1461): register_android_mtp_MtpDevice
I/art     ( 1461): Thread[1,tid=1461,WaitingForJniOnLoad,Thread*=0xb3c27800,peer=0x12c31100,"main"] recursive attempt to load library "/system/lib/libmedia_jni.so"
I/art     ( 1461): Thread[1,tid=1461,WaitingForJniOnLoad,Thread*=0xb3c27800,peer=0x12c31100,"main"] recursive attempt to load library "/system/lib/libmedia_jni.so"
W/linker  ( 1461): libavutil.so has text relocations. This is wasting memory and prevents security hardening. Please fix.
W/linker  ( 1461): libavformat.so has text relocations. This is wasting memory and prevents security hardening. Please fix.
W/linker  ( 1461): libavcodec.so has text relocations. This is wasting memory and prevents security hardening. Please fix.
I/art     ( 1461): Explicit concurrent mark sweep GC freed 1082(54KB) AllocSpace objects, 0(0B) LOS objects, 68% free, 461KB/1485KB, paused 200us total 10.429ms
E/EmojiFactory_jni( 1461): Failed to load libemoji.so: dlopen failed: library "libemoji.so" not found
I/art     ( 1461): Background sticky concurrent mark sweep GC freed 1902(76KB) AllocSpace objects, 0(0B) LOS objects, 30% free, 1026KB/1485KB, paused 964us total 115.955ms
I/art     ( 1461): Background concurrent mark sweep GC freed 2483(110KB) AllocSpace objects, 0(0B) LOS objects, 47% free, 1119KB/2MB, paused 339us total 103.174ms
I/art     ( 1461): Explicit concurrent mark sweep GC freed 5796(254KB) AllocSpace objects, 0(0B) LOS objects, 45% free, 1236KB/2MB, paused 208us total 7.450ms
I/System  ( 1461): Loaded time zone names for "" in 95ms (93ms in ICU)
I/System  ( 1461): Loaded time zone names for "en_US" in 56ms (52ms in ICU)
I/System  ( 1461): Loaded time zone names for "zh_CN" in 67ms (65ms in ICU)
I/Zygote  ( 1461): ...preloaded 3005 classes in 5927ms.
I/art     ( 1461): VMRuntime.preloadDexCaches starting
I/art     ( 1461): VMRuntime.preloadDexCaches strings total=215141 before=39108 after=39108
I/art     ( 1461): VMRuntime.preloadDexCaches types total=18367 before=6397 after=6433
I/art     ( 1461): VMRuntime.preloadDexCaches fields total=85658 before=32274 after=32608
I/art     ( 1461): VMRuntime.preloadDexCaches methods total=151952 before=66893 after=67794
I/art     ( 1461): VMRuntime.preloadDexCaches finished
I/art     ( 1461): Counter: 0
I/art     ( 1461): Counter: 1
I/art     ( 1461): Explicit concurrent mark sweep GC freed 1010(91KB) AllocSpace objects, 0(0B) LOS objects, 40% free, 1550KB/2MB, paused 262us total 14.536ms
D/idmap   ( 1752): error: no read access to /vendor/overlay: No such file or directory
I/Zygote  ( 1461): Preloading resources...
I/art     ( 1461): Explicit concurrent mark sweep GC freed 102(4KB) AllocSpace objects, 0(0B) LOS objects, 39% free, 2MB/4MB, paused 283us total 7.855ms
I/art     ( 1461): Explicit concurrent mark sweep GC freed 362(19KB) AllocSpace objects, 0(0B) LOS objects, 39% free, 3MB/6MB, paused 238us total 8.947ms
I/art     ( 1461): Explicit concurrent mark sweep GC freed 1081(57KB) AllocSpace objects, 0(0B) LOS objects, 39% free, 4MB/7MB, paused 315us total 10.103ms
I/art     ( 1461): Explicit concurrent mark sweep GC freed 1818(76KB) AllocSpace objects, 0(0B) LOS objects, 40% free, 5MB/9MB, paused 321us total 10.082ms
I/Zygote  ( 1461): ...preloaded 343 resources in 659ms.
I/Zygote  ( 1461): ...preloaded 41 resources in 3ms.
I/art     ( 1461): Counter: 0
D/libEGL  ( 1461): loaded /system/lib/egl/libEGL_adreno.so
D/        ( 1461): HostConnection::get() New Host Connection established 0xb3eed1e0, tid 1461
D/libEGL  ( 1461): loaded /system/lib/egl/libGLESv1_CM_adreno.so
D/libEGL  ( 1461): loaded /system/lib/egl/libGLESv2_adreno.so
I/Zygote  ( 1461): Preloading shared libraries...
D/Zygote  ( 1461): end preload
I/art     ( 1461): Explicit concurrent mark sweep GC freed 7329(291KB) AllocSpace objects, 0(0B) LOS objects, 40% free, 6MB/10MB, paused 323us total 27.845ms
I/art     ( 1461): Explicit concurrent mark sweep GC freed 1475(69KB) AllocSpace objects, 0(0B) LOS objects, 40% free, 6MB/10MB, paused 350us total 10.107ms
I/art     ( 1461): Explicit concurrent mark sweep GC freed 5(160B) AllocSpace objects, 0(0B) LOS objects, 40% free, 6MB/10MB, paused 348us total 10.740ms
I/Zygote  ( 1461): System server process 1753 has been created
I/Zygote  ( 1461): Accepting command socket connections
I/InstallerConnection( 1753): disconnecting...
I/SystemServer( 1753): Entered the Android system server!
V/Fingerprint-JNI( 1753): FingerprintManager JNI ready.
D/SensorService( 1753): nuSensorService starting...
D/SensorService( 1753): new thread SensorEventAckReceiver
D/SensorService( 1753): nuSensorService thread starting...
I/SystemServiceManager( 1753): Starting com.android.server.pm.Installer
I/Installer( 1753): Waiting for installd to be ready.
I/InstallerConnection( 1753): connecting...
I/installd( 1458): new connection
I/SystemServiceManager( 1753): Starting com.android.server.am.ActivityManagerService$Lifecycle
I/ActivityManager( 1753): Memory class: 192
I/IntentFirewall( 1753): Read new rules (A:0 B:0 S:0)
D/AppOps  ( 1753): AppOpsService published
I/SystemServiceManager( 1753): Starting com.android.server.power.PowerManagerService
W/libsuspend( 1753): Error writing 'on' to /sys/power/state: Invalid argument
I/libsuspend( 1753): Selected wakeup count
I/SystemServiceManager( 1753): Starting com.android.server.display.DisplayManagerService
I/SystemServiceManager( 1753): Starting phase 100
I/DisplayManagerService( 1753): Display device added: DisplayDeviceInfo{"内置屏幕": uniqueId="local:0", 720 x 1280, 60.000004 fps, supportedRefreshRates [60.000004], density 240, 240.0 x 240.0 dpi, appVsyncOff 0, presDeadline 17666666, touch INTERNAL, rotation 0, type BUILT_IN, state UNKNOWN, FLAG_DEFAULT_DISPLAY, FLAG_ROTATES_WITH_CONTENT, FLAG_SECURE, FLAG_SUPPORTS_PROTECTED_BUFFERS}
I/SystemServer( 1753): Package Manager
W/SystemConfig( 1753): No directory /system/etc/sysconfig, skipping
D/SELinuxMMAC( 1753): Using policy file /system/etc/security/mac_permissions.xml
D/PackageManager( 1753): No files in app dir /vendor/overlay
W/PackageParser( 1753): No actions in intent filter at /system/priv-app/Contacts/Contacts.apk Binary XML file line #356
W/ResourceType( 1753): Failure getting entry for 0x7f080277 (t=7 e=631) (error -75)
W/PackageParser( 1753): Unknown element under <intent-filter>: android at /system/priv-app/Telecom/Telecom.apk Binary XML file line #232
W/PackageParser( 1753): No actions in intent filter at /system/app/Bluetooth/Bluetooth.apk Binary XML file line #209
W/PackageParser( 1753): No actions in intent filter at /system/app/CMFileManager/CMFileManager.apk Binary XML file line #166
W/PackageParser( 1753): Unknown element under <application>: permission at /system/app/Gallery2/Gallery2.apk Binary XML file line #242
W/PackageParser( 1753): Unknown element under <application>: permission at /system/app/Gallery2/Gallery2.apk Binary XML file line #245
D/PackageManager( 1753): No files in app dir /system/vendor/app
D/PackageManager( 1753): No files in app dir /oem/app
W/PackageParser( 1753): No actions in intent filter at /data/app/com.tal.kaoyan-1/base.apk Binary XML file line #-1
W/PackageManager( 1753): Package com.tal.kaoyan desires unavailable shared library org.apache.http.legacy; ignoring!
W/PackageManager( 1753): Skipping provider name com.tal.kaoyan.provider (in package com.tal.kaoyan): name already used by com.tal.kaoyan
D/PackageManager( 1753): No files in app dir /data/app-private
W/PackageManager( 1753): Package com.tal.kaoyan desires unavailable shared library org.apache.http.legacy; ignoring!
W/PackageManager( 1753): Package com.android.gallery3d desires unavailable shared library com.google.android.media.effects; ignoring!
W/PackageManager( 1753): Package com.android.gallery3d desires unavailable shared library com.google.android.media.effects; ignoring!
I/PackageManager( 1753): Adjusting ABI for : com.android.settings to x86
I/PackageManager( 1753): Adjusting ABI for : com.vphone.helper to x86
I/PackageManager( 1753): Adjusting ABI for : com.android.location.fused to x86
I/PackageManager( 1753): Adjusting ABI for : com.android.inputservice to x86
I/PackageManager( 1753): Adjusting ABI for : com.android.server.telecom to x86
I/PackageManager( 1753): Adjusting ABI for : com.vphone.launcher to x86
I/PackageManager( 1753): Adjusting ABI for : com.bignox.google.installer to x86
I/PackageManager( 1753): Adjusting ABI for : com.android.keychain to x86
I/PackageManager( 1753): Adjusting ABI for : com.bignox.app.store.hd to x86
I/PackageManager( 1753): Adjusting ABI for : com.android.providers.settings to x86
I/PackageManager( 1753): Adjusting ABI for : com.android.inputdevices to x86
I/PackageManager( 1753): Time to scan packages: 4.352 seconds
W/PackageManager( 1753): Unknown permission android.permission.FOREGROUND_SERVICE in package io.appium.settings
W/PackageManager( 1753): Unknown permission com.google.android.googleapps.permission.GOOGLE_AUTH in package com.android.providers.calendar
W/PackageManager( 1753): Unknown permission com.google.android.googleapps.permission.GOOGLE_AUTH.cl in package com.android.providers.calendar
W/PackageManager( 1753): Not granting permission android.permission.MOUNT_UNMOUNT_FILESYSTEMS to package com.tal.kaoyan (protectionLevel=18 flags=0x583e44)
W/PackageManager( 1753): Not granting permission android.permission.INTERACT_ACROSS_USERS_FULL to package com.tal.kaoyan (protectionLevel=2 flags=0x583e44)
W/PackageManager( 1753): Not granting permission android.permission.READ_LOGS to package com.tal.kaoyan (protectionLevel=50 flags=0x583e44)
W/PackageManager( 1753): Unknown permission android.permission.RECEIVE_USER_PRESENT in package com.tal.kaoyan
W/PackageManager( 1753): Unknown permission android.permission.USE_FINGERPRINT in package com.tal.kaoyan
W/PackageManager( 1753): Unknown permission android.permission.FOREGROUND_SERVICE in package com.tal.kaoyan
W/PackageManager( 1753): Unknown permission android.permission.REQUEST_INSTALL_PACKAGES in package com.tal.kaoyan
W/PackageManager( 1753): Unknown permission android.permission.ACCESS_MTK_MMHW in package com.tal.kaoyan
W/PackageManager( 1753): Unknown permission android.permission.RECORD_VIDEO in package com.tal.kaoyan
W/PackageManager( 1753): Not granting permission android.permission.CHANGE_CONFIGURATION to package com.tal.kaoyan (protectionLevel=50 flags=0x583e44)
W/PackageManager( 1753): Unknown permission com.meizu.flyme.push.permission.RECEIVE in package com.tal.kaoyan
W/PackageManager( 1753): Unknown permission com.meizu.c2dm.permission.RECEIVE in package com.tal.kaoyan
W/PackageManager( 1753): Unknown permission com.coloros.mcs.permission.RECIEVE_MCS_MESSAGE in package com.tal.kaoyan
W/PackageManager( 1753): Unknown permission com.android.launcher.permission.READ_SETTINGS in package com.android.onetimeinitializer
W/PackageManager( 1753): Unknown permission com.android.launcher.permission.WRITE_SETTINGS in package com.android.onetimeinitializer
W/PackageManager( 1753): Unknown permission com.cyanogenmod.filemanager.permissions.READ_THEME in package com.cyanogenmod.filemanager
W/PackageManager( 1753): Unknown permission com.google.android.googleapps.permission.GOOGLE_AUTH in package com.android.settings
W/PackageManager( 1753): Unknown permission com.android.launcher.permission.READ_SETTINGS in package com.android.settings
W/PackageManager( 1753): Unknown permission com.android.launcher.permission.WRITE_SETTINGS in package com.android.settings
W/PackageManager( 1753): Unknown permission com.android.smspush.WAPPUSH_MANAGER_BIND in package com.android.phone
W/PackageManager( 1753): Unknown permission com.android.launcher.permission.READ_SETTINGS in package com.bignox.app.store.hd
W/PackageManager( 1753): Unknown permission com.android.launcher.permission.WRITE_SETTINGS in package com.bignox.app.store.hd
W/PackageManager( 1753): Unknown permission com.google.android.gallery3d.permission.GALLERY_PROVIDER in package com.android.bluetooth
W/PackageManager( 1753): Unknown permission android.permission.MMS_SEND_OUTBOX_MSG in package com.android.bluetooth
I/art     ( 1753): Explicit concurrent mark sweep GC freed 28380(1451KB) AllocSpace objects, 2(32KB) LOS objects, 33% free, 6MB/9MB, paused 515us total 32.765ms
I/SystemServer( 1753): User Service
I/SystemServiceManager( 1753): Starting com.android.server.lights.LightsService
I/SystemServiceManager( 1753): Starting com.android.server.BatteryService
I/lowmemorykiller( 1444): ActivityManager connected
I/SystemServiceManager( 1753): Starting com.android.server.usage.UsageStatsService
I/SystemServiceManager( 1753): Starting com.android.server.webkit.WebViewUpdateService
I/SystemServer( 1753): Reading configuration...
I/SystemServer( 1753): Scheduling Policy
I/SystemServiceManager( 1753): Starting com.android.server.telecom.TelecomLoaderService
I/SystemServer( 1753): Telephony Registry
I/SystemServer( 1753): Entropy Mixer
I/EntropyMixer( 1753): Writing entropy...
I/SystemServer( 1753): Account Manager
I/SystemServer( 1753): Content Manager
I/SystemServer( 1753): System Content Providers
W/SettingsProvider( 1753): set ANDROID_ID from persist.nox.androidid
I/SystemServer( 1753): Vibrator Service
I/SystemServer( 1753): Consumer IR Service
E/ConsumerIrService( 1753): Can't open consumer IR HW Module, error: -2
I/SystemServiceManager( 1753): Starting com.android.server.AlarmManagerService
D/AlarmManagerService( 1753): Kernel timezone updated to -480 minutes west of GMT
I/SystemServer( 1753): Init Watchdog
I/SystemServer( 1753): Input Manager
I/InputManager( 1753): Initializing input manager, mUseDevInputEventForAudioJack=false
I/SystemServer( 1753): Window Manager
I/WindowManager( 1753): No existing display settings /data/system/display_settings.xml; starting empty
I/AudioFlinger( 1457): Using module 1 has the primary audio interface
I/AudioFlinger( 1457): AudioFlinger's thread 0xb58b9000 ready to run
I/AudioFlinger( 1457): AudioFlinger's thread 0xb595b000 ready to run
D/PermissionCache( 1447): checking android.permission.ACCESS_SURFACE_FLINGER for uid=1000 => granted (10669 us)
E/SoundTriggerHwService( 1457): couldn't load sound trigger module sound_trigger.primary (No such file or directory)
I/InputManager( 1753): Starting input manager
I/SystemServer( 1753): Bluetooth Manager Service
W/EventHub( 1753): Unable to disable kernel key repeat for /dev/input/event4: Function not implemented
I/EventHub( 1753): removing ALPHAKEY class from /dev/input/event4
I/EventHub( 1753): New device: id=1, fd=79, path='/dev/input/event4', name='Android_Input', classes=0x15, configuration='/system/usr/idc/Android_Input.idc', keyLayout='/system/usr/keylayout/Android_Input.kl', keyCharacterMap='/system/usr/keychars/Generic.kcm', builtinKeyboard=false, wakeMechanism=EPOLLWAKEUP, usingClockIoctl=true
E/EventHub( 1753): could not get driver version for /dev/input/mouse0, Not a typewriter
D/BluetoothManagerService( 1753): Loading stored name and address
D/BluetoothManagerService( 1753): Stored bluetooth Name=Nexus 6,Address=22:22:3A:89:1E:36
I/SystemServer( 1753): Input Method Service
D/EventHub( 1753): No input device configuration file found for device 'gpio-keys'.
W/EventHub( 1753): Unable to disable kernel key repeat for /dev/input/event3: Function not implemented
I/EventHub( 1753): removing ALPHAKEY class from /dev/input/event3
I/EventHub( 1753): New device: id=2, fd=80, path='/dev/input/event3', name='gpio-keys', classes=0x81, configuration='', keyLayout='/system/usr/keylayout/gpio-keys.kl', keyCharacterMap='/system/usr/keychars/gpio-keys.kcm', builtinKeyboard=false, wakeMechanism=EPOLLWAKEUP, usingClockIoctl=true
D/EventHub( 1753): No input device configuration file found for device 'Sleep Button'.
W/EventHub( 1753): Unable to disable kernel key repeat for /dev/input/event1: Function not implemented
I/EventHub( 1753): removing ALPHAKEY class from /dev/input/event1
I/EventHub( 1753): New device: id=3, fd=81, path='/dev/input/event1', name='Sleep Button', classes=0x1, configuration='', keyLayout='/system/usr/keylayout/Generic.kl', keyCharacterMap='/system/usr/keychars/Generic.kcm', builtinKeyboard=false, wakeMechanism=EPOLLWAKEUP, usingClockIoctl=true
D/EventHub( 1753): No input device configuration file found for device 'Power Button'.
W/EventHub( 1753): Unable to disable kernel key repeat for /dev/input/event0: Function not implemented
I/EventHub( 1753): removing ALPHAKEY class from /dev/input/event0
I/EventHub( 1753): New device: id=4, fd=82, path='/dev/input/event0', name='Power Button', classes=0x1, configuration='', keyLayout='/system/usr/keylayout/Generic.kl', keyCharacterMap='/system/usr/keychars/Generic.kcm', builtinKeyboard=false, wakeMechanism=EPOLLWAKEUP, usingClockIoctl=true
D/EventHub( 1753): No input device configuration file found for device 'Video Bus'.
W/InputMethodManagerService( 1753): Couldn't create dir.: /data/system/inputmethod
W/EventHub( 1753): Unable to disable kernel key repeat for /dev/input/event2: Function not implemented
I/EventHub( 1753): removing ALPHAKEY class from /dev/input/event2
I/EventHub( 1753): New device: id=5, fd=83, path='/dev/input/event2', name='Video Bus', classes=0x1, configuration='', keyLayout='/system/usr/keylayout/Generic.kl', keyCharacterMap='/system/usr/keychars/Generic.kcm', builtinKeyboard=false, wakeMechanism=EPOLLWAKEUP, usingClockIoctl=true
E/EventHub( 1753): could not get driver version for /dev/input/mice, Not a typewriter
I/InputReader( 1753): Device added: id=-1, name='Virtual', sources=0x00000301
I/InputReader( 1753): Device added: id=5, name='Video Bus', sources=0x00000101
I/InputReader( 1753): Device added: id=4, name='Power Button', sources=0x00000101
I/InputReader( 1753): Device added: id=3, name='Sleep Button', sources=0x00000101
I/InputReader( 1753): Device added: id=2, name='gpio-keys', sources=0x80000101
I/InputReader( 1753):   Touch device 'Android_Input' could not query the properties of its associated display.  The device will be inoperable until the display size becomes available.
I/InputReader( 1753): Device added: id=1, name='Android_Input', sources=0x00001103
I/SystemServer( 1753): Accessibility Manager
D/SurfaceFlinger( 1447): setOrientation, mFbdev=0xb685f3c0, mFbDev->setOrientation=0xb64aa060, orientation=0
I/gralloc_nox( 1447): setOrientation: orientation=0
I/InputReader( 1753): Reconfiguring input devices.  changes=0x00000004
I/InputReader( 1753): Device reconfigured: id=1, name='Android_Input', size 720x1280, orientation 0, mode 1, display id 0
I/InputReader( 1753): Reconfiguring input devices.  changes=0x00000004
I/SystemServer( 1753): Mount Service
D/MountService( 1753): got storage path: /mnt/sdcard description: 内部存储设备 primary: true removable: false emulated: true mtpReserve: 100 allowMassStorage: false maxFileSize: 0
D/MountService( 1753): addVolumeLocked() StorageVolume:
D/MountService( 1753):     mStorageId=65537 mPath=/storage/emulated/0 mDescriptionId=17040812 
D/MountService( 1753):     mPrimary=true mRemovable=false mEmulated=true mMtpReserveSpace=100 
D/MountService( 1753):     mAllowMassStorage=false mMaxFileSize=0 mOwner=UserHandle{0} mUuid=null 
D/MountService( 1753):     mUserLabel=null mState=null 
I/SystemServer( 1753): LockSettingsService
E/MountService( 1753): Error processing initial volume state
E/MountService( 1753): java.lang.NullPointerException: Attempt to invoke virtual method 'java.lang.String android.os.storage.StorageVolume.getPath()' on a null object reference
E/MountService( 1753): 	at com.android.server.MountService.updatePublicVolumeState(MountService.java:746)
E/MountService( 1753): 	at com.android.server.MountService.access$1700(MountService.java:119)
E/MountService( 1753): 	at com.android.server.MountService$3.run(MountService.java:840)
I/PackageManager( 1753): No secure containers found
W/PackageManager( 1753): Unknown permission android.permission.FOREGROUND_SERVICE in package io.appium.settings
W/PackageManager( 1753): Unknown permission com.google.android.googleapps.permission.GOOGLE_AUTH in package com.android.providers.calendar
W/PackageManager( 1753): Unknown permission com.google.android.googleapps.permission.GOOGLE_AUTH.cl in package com.android.providers.calendar
W/PackageManager( 1753): Not granting permission android.permission.MOUNT_UNMOUNT_FILESYSTEMS to package com.tal.kaoyan (protectionLevel=18 flags=0x583e44)
W/PackageManager( 1753): Not granting permission android.permission.INTERACT_ACROSS_USERS_FULL to package com.tal.kaoyan (protectionLevel=2 flags=0x583e44)
W/PackageManager( 1753): Not granting permission android.permission.READ_LOGS to package com.tal.kaoyan (protectionLevel=50 flags=0x583e44)
W/PackageManager( 1753): Unknown permission android.permission.RECEIVE_USER_PRESENT in package com.tal.kaoyan
W/PackageManager( 1753): Unknown permission android.permission.USE_FINGERPRINT in package com.tal.kaoyan
W/PackageManager( 1753): Unknown permission android.permission.FOREGROUND_SERVICE in package com.tal.kaoyan
W/PackageManager( 1753): Unknown permission android.permission.REQUEST_INSTALL_PACKAGES in package com.tal.kaoyan
W/PackageManager( 1753): Unknown permission android.permission.ACCESS_MTK_MMHW in package com.tal.kaoyan
W/PackageManager( 1753): Unknown permission android.permission.RECORD_VIDEO in package com.tal.kaoyan
W/PackageManager( 1753): Not granting permission android.permission.CHANGE_CONFIGURATION to package com.tal.kaoyan (protectionLevel=50 flags=0x583e44)
W/PackageManager( 1753): Unknown permission com.meizu.flyme.push.permission.RECEIVE in package com.tal.kaoyan
W/PackageManager( 1753): Unknown permission com.meizu.c2dm.permission.RECEIVE in package com.tal.kaoyan
W/PackageManager( 1753): Unknown permission com.coloros.mcs.permission.RECIEVE_MCS_MESSAGE in package com.tal.kaoyan
W/PackageManager( 1753): Unknown permission com.android.launcher.permission.READ_SETTINGS in package com.android.onetimeinitializer
W/PackageManager( 1753): Unknown permission com.android.launcher.permission.WRITE_SETTINGS in package com.android.onetimeinitializer
W/PackageManager( 1753): Unknown permission com.cyanogenmod.filemanager.permissions.READ_THEME in package com.cyanogenmod.filemanager
W/PackageManager( 1753): Unknown permission com.google.android.googleapps.permission.GOOGLE_AUTH in package com.android.settings
W/PackageManager( 1753): Unknown permission com.android.launcher.permission.READ_SETTINGS in package com.android.settings
W/PackageManager( 1753): Unknown permission com.android.launcher.permission.WRITE_SETTINGS in package com.android.settings
W/PackageManager( 1753): Unknown permission com.android.smspush.WAPPUSH_MANAGER_BIND in package com.android.phone
W/PackageManager( 1753): Unknown permission com.android.launcher.permission.READ_SETTINGS in package com.bignox.app.store.hd
W/PackageManager( 1753): Unknown permission com.android.launcher.permission.WRITE_SETTINGS in package com.bignox.app.store.hd
W/PackageManager( 1753): Unknown permission com.google.android.gallery3d.permission.GALLERY_PROVIDER in package com.android.bluetooth
W/PackageManager( 1753): Unknown permission android.permission.MMS_SEND_OUTBOX_MSG in package com.android.bluetooth
I/SystemServiceManager( 1753): Starting com.android.server.devicepolicy.DevicePolicyManagerService$Lifecycle
I/SystemServer( 1753): Status Bar
I/SystemServer( 1753): Clipboard Service
I/SystemServer( 1753): NetworkManagement Service
I/SystemServer( 1753): Text Service Manager Service
W/TextServicesManagerService( 1753): no available spell checker services found
I/SystemServer( 1753): Network Score Service
I/SystemServer( 1753): NetworkStats Service
I/SystemServer( 1753): NetworkPolicy Service
I/NOX     ( 1793): Starting deamon
I/SystemServiceManager( 1753): Starting com.android.server.wifi.p2p.WifiP2pService
I/WifiP2pService( 1753): Registering wifip2p
I/SystemServiceManager( 1753): Starting com.android.server.wifi.WifiService
E/WifiConfigStore( 1753): associatedPartialScanPeriodMilli set to 20000
D/WifiController( 1753): isAirplaneModeOn = false, isWifiEnabled = true, isScanningAvailable = false
I/WifiService( 1753): Registering wifi
I/SystemServiceManager( 1753): Starting com.android.server.wifi.WifiScanningService
I/WifiScanningService( 1753): Creating wifiscanner
I/WifiScanningService( 1753): Starting wifiscanner
I/SystemServiceManager( 1753): Starting com.android.server.wifi.RttService
I/RttService( 1753): Creating rttmanager
I/RttService( 1753): Starting rttmanager
I/SystemServer( 1753): Connectivity Service
D/ConnectivityService( 1753): ConnectivityService starting up
D/ConnectivityService( 1753): wifiOnly=false
E/ConnectivityService( 1753): Ignoring protectedNetwork 10
E/ConnectivityService( 1753): Ignoring protectedNetwork 11
E/ConnectivityService( 1753): Ignoring protectedNetwork 12
E/ConnectivityService( 1753): Ignoring protectedNetwork 14
E/ConnectivityService( 1753): Ignoring protectedNetwork 15
I/SystemServer( 1753): Network Service Discovery Service
D/NsdService( 1753): Network service discovery enabled true
I/SystemServer( 1753): UpdateLock Service
I/SystemServiceManager( 1753): Starting com.android.server.notification.NotificationManagerService
I/SystemServiceManager( 1753): Starting com.android.server.storage.DeviceStorageMonitorService
I/SystemServer( 1753): Location Manager
I/SystemServer( 1753): Country Detector
I/SystemServer( 1753): Search Service
I/SystemServer( 1753): DropBox Service
I/SystemServer( 1753): Wallpaper Service
I/SystemServer( 1753): Audio Service
W/TelecomManager( 1753): Telecom Service not found.
I/SystemServiceManager( 1753): Starting com.android.server.DockObserver
W/DockObserver( 1753): This kernel does not have dock station support
I/SystemServer( 1753): Wired Accessory Manager
W/WiredAccessoryManager( 1753): This kernel does not have wired headset support
W/WiredAccessoryManager( 1753): This kernel does not have usb audio support
W/WiredAccessoryManager( 1753): This kernel does not have HDMI audio support
I/SystemServiceManager( 1753): Starting com.android.server.usb.UsbService$Lifecycle
I/SystemServer( 1753): Serial Service
I/SystemServiceManager( 1753): Starting com.android.server.twilight.TwilightService
I/SystemServiceManager( 1753): Starting com.android.server.UiModeManagerService
I/SystemServiceManager( 1753): Starting com.android.server.job.JobSchedulerService
I/SystemServiceManager( 1753): Starting com.android.server.backup.BackupManagerService$Lifecycle
I/SystemServiceManager( 1753): Starting com.android.server.appwidget.AppWidgetService
I/SystemServiceManager( 1753): Starting com.android.server.voiceinteraction.VoiceInteractionManagerService
W/SoundTriggerHelper( 1753): listModules status=0, # of modules=0
I/SystemServer( 1753): DiskStats Service
I/SystemServer( 1753): SamplingProfiler Service
I/SystemServer( 1753): NetworkTimeUpdateService
I/SystemServer( 1753): CommonTimeManagementService
I/SystemServer( 1753): CertBlacklister
I/SystemServiceManager( 1753): Starting com.android.server.dreams.DreamManagerService
I/SystemServer( 1753): Assets Atlas Service
I/SystemServiceManager( 1753): Starting com.android.server.print.PrintManagerService
D/AssetAtlas( 1753): Loaded configuration: SliceMinArea (960x1216) flags=0x2 count=446
I/SystemServiceManager( 1753): Starting com.android.server.restrictions.RestrictionsManagerService
I/SystemServiceManager( 1753): Starting com.android.server.media.MediaSessionService
D/        ( 1753): HostConnection::get() New Host Connection established 0xb3ff8b40, tid 1823
W/art     ( 1753): Suspending all threads took: 19.032ms
I/art     ( 1753): Background partial concurrent mark sweep GC freed 20671(1339KB) AllocSpace objects, 2(32KB) LOS objects, 33% free, 8MB/12MB, paused 63.846ms total 142.834ms
I/SystemServer( 1753): Media Router Service
I/SystemServiceManager( 1753): Starting com.android.server.trust.TrustManagerService
I/SystemServiceManager( 1753): Starting com.android.server.fingerprint.FingerprintService
V/Fingerprint-JNI( 1753): nativeInit()
V/Fingerprint-JNI( 1753): nativeOpenHal()
E/Fingerprint-JNI( 1753): Can't open fingerprint HW Module, error: -2
I/SystemServer( 1753): BackgroundDexOptService
I/SystemServiceManager( 1753): Starting com.android.server.pm.LauncherAppsService
I/SystemServiceManager( 1753): Starting com.android.server.media.projection.MediaProjectionManagerService
I/WindowManager( 1753): SAFE MODE not enabled
I/SystemServiceManager( 1753): Starting com.android.server.MmsServiceBroker
E/SQLiteLog( 1753): (283) recovered 16 frames from WAL file /data/system/locksettings.db-wal
E/LockSettingsStorage( 1753): Cannot read file java.io.FileNotFoundException: /data/system/password.key: open failed: ENOENT (No such file or directory)
E/LockSettingsStorage( 1753): Cannot read file java.io.FileNotFoundException: /data/system/gesture.key: open failed: ENOENT (No such file or directory)
I/SystemServiceManager( 1753): Starting phase 480
I/SystemServiceManager( 1753): Starting phase 500
I/WifiService( 1753): WifiService starting up with Wi-Fi enabled
D/WifiService( 1753): setWifiEnabled: true pid=1753, uid=1000
E/WifiService( 1753): Invoking mWifiStateMachine.setWifiEnabled
D/WifiController( 1753): WifiController msg { when=0 what=155656 target=com.android.internal.util.StateMachine$SmHandler } deferred for 500ms
D/WifiService( 1753): New client listening to asynchronous messages
I/WifiScanningService( 1753): Registering wifiscanner
D/WifiScanningService( 1753): New client, channel: null messenger: null
I/RttService( 1753): Registering rttmanager
D/WifiChangeStateMachine( 1753): Entering IdleState
D/WifiScanningService( 1753): DefaultState
I/ActivityManager( 1753): Config changes=200 {1.0 ?mcc?mnc zh_CN ?layoutDir ?swdp ?wdp ?hdp ?density ?lsize ?long ?orien ?touch ?keyb/?/? ?nav/? s.2}
V/BackupManagerService( 1753): No ancestral data
D/BackupManagerService( 1753): Now staging backup of com.android.browser
D/AssetAtlas( 1753): Rendered atlas in 296.42ms (14.33+282.09ms)
D/        ( 1447): HostConnection::get() New Host Connection established 0xb683ae30, tid 1742
D/BackupManagerService( 1753): Now staging backup of android
D/BackupManagerService( 1753): Now staging backup of com.android.providers.settings
D/BackupManagerService( 1753): Now staging backup of com.android.sharedstoragebackup
D/BackupManagerService( 1753): Now staging backup of com.android.providers.userdictionary
E/NOX     ( 1793): recv() error
D/NOX     ( 1793): Socket read error
V/BackupManagerService( 1753): Starting with transport android/com.android.internal.backup.LocalTransport
V/BackupManagerService( 1753): Found transports: 1
I/BackupManagerService( 1753): Binding to transport host ComponentInfo{android/com.android.internal.backup.LocalTransportService}
I/BackupManagerService( 1753): Found stale backup journal, scheduling
W/WindowManager( 1753): updateFocusedWindowLocked, focusedAppToken is null.
I/UsageStatsService( 1753): User[0] Rollover scheduled @ 2019-12-28 08:00:00(1577491200000)
I/UsageStatsService( 1753): User[0] Rolling over usage stats
I/UsageStatsService( 1753): User[0] Rollover scheduled @ 2019-12-31 08:00:00(1577750400000)
I/UsageStatsService( 1753): User[0] Rolling over usage stats complete. Took 0 milliseconds
I/DisplayManagerService( 1753): Display device changed: DisplayDeviceInfo{"内置屏幕": uniqueId="local:0", 720 x 1280, 60.000004 fps, supportedRefreshRates [60.000004], density 240, 240.0 x 240.0 dpi, appVsyncOff 0, presDeadline 17666666, touch INTERNAL, rotation 0, type BUILT_IN, state ON, FLAG_DEFAULT_DISPLAY, FLAG_ROTATES_WITH_CONTENT, FLAG_SECURE, FLAG_SUPPORTS_PROTECTED_BUFFERS}
D/SurfaceFlinger( 1447): Set power mode=2, type=0 flinger=0xb685d000
D/SurfaceFlinger( 1447): Screen type=0 is already mode=2
D/TaskPersister( 1753): removeObsoleteFile: deleting file=2_task_thumbnail.png
I/AppOps  ( 1753): Pruning old package root/0: new uid=-1
I/AppOps  ( 1753): Pruning old package media/1013: new uid=-1
I/ActivityManager( 1753): System now ready
I/SystemServer( 1753): Making services ready
I/SystemServiceManager( 1753): Starting phase 550
I/SystemServer( 1753): WebViewFactory preparation
I/Zygote  ( 1753): Process: zygote socket opened, supported ABIS: x86,armeabi-v7a,armeabi
D/WifiController( 1753): DEFERRED_TOGGLE handled
E/WifiStateMachine( 1753): Failed to reload STA firmware java.lang.IllegalArgumentException: command '1 softap fwreload eth1 STA' failed with '501 1 SoftAP command has failed'
D/CommandListener( 1451): Setting iface cfg
D/CommandListener( 1451): Trying to bring down eth1
D/CommandListener( 1451): Clearing all IP addresses on eth1
E/WifiMonitor( 1753): killSupplicant p2pfalse init.svc.wpa_supplicant=unknown init.svc.p2p_supplicant=unknown
V/WebViewFactory( 1843): RelroFileCreator (64bit = false),  32-bit lib: /system/app/webview/lib/x86/libwebviewchromium.so, 64-bit lib: 
I/ActivityManager( 1753): Start proc 1843:WebViewLoader-x86/1037 [android.webkit.WebViewFactory$RelroFileCreator] for 
I/ActivityManager( 1753): Start proc 1858:com.android.systemui/u0a10 for service com.android.systemui/.SystemUIService
W/MountService( 1753): Duplicate state transition (mounted -> mounted) for /storage/emulated/0
D/NetworkManagementService( 1753): not enabling bandwidth control
D/AndroidRuntime( 1833): >>>>>> START com.android.internal.os.RuntimeInit uid 0 <<<<<<
W/linker  ( 1843): libwebviewchromium.so: unused DT entry: type 0x6ffffef5 arg 0x4ae8
W/linker  ( 1843): libwebviewchromium.so: unused DT entry: type 0x6ffffffe arg 0x4a88
W/linker  ( 1843): libwebviewchromium.so: unused DT entry: type 0x6fffffff arg 0x3
D/WifiMonitor( 1753): startMonitoring(eth1) with mConnected = false
I/wpa_supplicant( 1865): Successfully initialized wpa_supplicant
V/SystemUIService( 1858): Starting SystemUI services.
V/FingerprintService( 1753): startListening(android.service.fingerprint.IFingerprintServiceReceiver$Stub$Proxy@1272be80)
E/NetdConnector( 1753): NDC Command {7 firewall disable} took too long (831ms)
W/NetworkStats( 1753): bandwidth controls disabled, unable to track stats
W/NetworkPolicy( 1753): bandwidth controls disabled, unable to enforce policy
D/PermissionMonitor( 1753): Monitoring
D/PermissionMonitor( 1753): Users: 1, Apps: 34
W/linker  ( 1457): libavutil.so has text relocations. This is wasting memory and prevents security hardening. Please fix.
W/linker  ( 1457): libavformat.so has text relocations. This is wasting memory and prevents security hardening. Please fix.
I/SystemServiceManager( 1753): Starting phase 600
I/BackupManagerService( 1753): Backup enabled => false
I/BackupManagerService( 1753): Opting out of backup
D/BluetoothManagerService( 1753): Message: 20
D/BluetoothManagerService( 1753): Added callback: android.bluetooth.BluetoothAdapter$1@2af2c7b0:true
W/linker  ( 1457): libavcodec.so has text relocations. This is wasting memory and prevents security hardening. Please fix.
D/BluetoothManagerService( 1753): Trying to bind to profile: 1, while Bluetooth was disabled
D/BluetoothManagerService( 1753): Message: 30
D/BluetoothManagerService( 1753): Message: 30
E/WVMExtractor( 1457): Failed to open libwvm.so: dlopen failed: library "libwvm.so" not found
I/FFmpegExtractor( 1457): android-source:0xb5024340
I/FFmpegExtractor( 1457): android-source:0xb5024440
I/wpa_supplicant( 1865): eth1: Trying to associate with SSID 'WiredSSID'
D/FFMPEG  ( 1457): android source begin open
D/FFMPEG  ( 1457): android open, url: android-source:0xb5024340
D/FFMPEG  ( 1457): ffmpeg open android data source success, source ptr: 0xb5024340
D/FFMPEG  ( 1457): android source open success
D/FFMPEG  ( 1457): android source begin open
D/FFMPEG  ( 1457): android open, url: android-source:0xb5024440
D/FFMPEG  ( 1457): ffmpeg open android data source success, source ptr: 0xb5024440
D/FFMPEG  ( 1457): android source open success
I/FFMPEG  ( 1457): Input #0, ogg, from 'android-source:0xb5024340':
I/FFMPEG  ( 1457):   Duration: 00:00:00.23, start: 0.000000, bitrate: 293 kb/s
I/FFMPEG  ( 1457):     Stream #0:0: Audio: vorbis, 44100 Hz, stereo, fltp, 160 kb/s
I/FFmpegExtractor( 1457): FFmpegExtrator, url: android-source:0xb5024340, format_name: ogg, format_long_name: Ogg
